Archive member included to satisfy reference by file (symbol)

c:/st/stm32cubeide_1.7.0/stm32cubeide/plugins/com.st.stm32cube.ide.mcu.externaltools.gnu-tools-for-stm32.9-2020-q2-update.win32_2.0.0.202105311346/tools/bin/../lib/gcc/arm-none-eabi/9.3.1/../../../../arm-none-eabi/lib/thumb/v7e-m+fp/hard\libc_nano.a(lib_a-errno.o)
                              ./Core/Src/syscalls.o (__errno)
c:/st/stm32cubeide_1.7.0/stm32cubeide/plugins/com.st.stm32cube.ide.mcu.externaltools.gnu-tools-for-stm32.9-2020-q2-update.win32_2.0.0.202105311346/tools/bin/../lib/gcc/arm-none-eabi/9.3.1/../../../../arm-none-eabi/lib/thumb/v7e-m+fp/hard\libc_nano.a(lib_a-exit.o)
                              c:/st/stm32cubeide_1.7.0/stm32cubeide/plugins/com.st.stm32cube.ide.mcu.externaltools.gnu-tools-for-stm32.9-2020-q2-update.win32_2.0.0.202105311346/tools/bin/../lib/gcc/arm-none-eabi/9.3.1/../../../../arm-none-eabi/lib/thumb/v7e-m+fp/hard/crt0.o (exit)
c:/st/stm32cubeide_1.7.0/stm32cubeide/plugins/com.st.stm32cube.ide.mcu.externaltools.gnu-tools-for-stm32.9-2020-q2-update.win32_2.0.0.202105311346/tools/bin/../lib/gcc/arm-none-eabi/9.3.1/../../../../arm-none-eabi/lib/thumb/v7e-m+fp/hard\libc_nano.a(lib_a-findfp.o)
                              ./Middlewares/Third_Party/FreeRTOS/Source/tasks.o (__sf_fake_stderr)
c:/st/stm32cubeide_1.7.0/stm32cubeide/plugins/com.st.stm32cube.ide.mcu.externaltools.gnu-tools-for-stm32.9-2020-q2-update.win32_2.0.0.202105311346/tools/bin/../lib/gcc/arm-none-eabi/9.3.1/../../../../arm-none-eabi/lib/thumb/v7e-m+fp/hard\libc_nano.a(lib_a-fwalk.o)
                              c:/st/stm32cubeide_1.7.0/stm32cubeide/plugins/com.st.stm32cube.ide.mcu.externaltools.gnu-tools-for-stm32.9-2020-q2-update.win32_2.0.0.202105311346/tools/bin/../lib/gcc/arm-none-eabi/9.3.1/../../../../arm-none-eabi/lib/thumb/v7e-m+fp/hard\libc_nano.a(lib_a-findfp.o) (_fwalk)
c:/st/stm32cubeide_1.7.0/stm32cubeide/plugins/com.st.stm32cube.ide.mcu.externaltools.gnu-tools-for-stm32.9-2020-q2-update.win32_2.0.0.202105311346/tools/bin/../lib/gcc/arm-none-eabi/9.3.1/../../../../arm-none-eabi/lib/thumb/v7e-m+fp/hard\libc_nano.a(lib_a-impure.o)
                              c:/st/stm32cubeide_1.7.0/stm32cubeide/plugins/com.st.stm32cube.ide.mcu.externaltools.gnu-tools-for-stm32.9-2020-q2-update.win32_2.0.0.202105311346/tools/bin/../lib/gcc/arm-none-eabi/9.3.1/../../../../arm-none-eabi/lib/thumb/v7e-m+fp/hard\libc_nano.a(lib_a-exit.o) (_global_impure_ptr)
c:/st/stm32cubeide_1.7.0/stm32cubeide/plugins/com.st.stm32cube.ide.mcu.externaltools.gnu-tools-for-stm32.9-2020-q2-update.win32_2.0.0.202105311346/tools/bin/../lib/gcc/arm-none-eabi/9.3.1/../../../../arm-none-eabi/lib/thumb/v7e-m+fp/hard\libc_nano.a(lib_a-init.o)
                              c:/st/stm32cubeide_1.7.0/stm32cubeide/plugins/com.st.stm32cube.ide.mcu.externaltools.gnu-tools-for-stm32.9-2020-q2-update.win32_2.0.0.202105311346/tools/bin/../lib/gcc/arm-none-eabi/9.3.1/../../../../arm-none-eabi/lib/thumb/v7e-m+fp/hard/crt0.o (__libc_init_array)
c:/st/stm32cubeide_1.7.0/stm32cubeide/plugins/com.st.stm32cube.ide.mcu.externaltools.gnu-tools-for-stm32.9-2020-q2-update.win32_2.0.0.202105311346/tools/bin/../lib/gcc/arm-none-eabi/9.3.1/../../../../arm-none-eabi/lib/thumb/v7e-m+fp/hard\libc_nano.a(lib_a-lock.o)
                              c:/st/stm32cubeide_1.7.0/stm32cubeide/plugins/com.st.stm32cube.ide.mcu.externaltools.gnu-tools-for-stm32.9-2020-q2-update.win32_2.0.0.202105311346/tools/bin/../lib/gcc/arm-none-eabi/9.3.1/../../../../arm-none-eabi/lib/thumb/v7e-m+fp/hard\libc_nano.a(lib_a-findfp.o) (__retarget_lock_init_recursive)
c:/st/stm32cubeide_1.7.0/stm32cubeide/plugins/com.st.stm32cube.ide.mcu.externaltools.gnu-tools-for-stm32.9-2020-q2-update.win32_2.0.0.202105311346/tools/bin/../lib/gcc/arm-none-eabi/9.3.1/../../../../arm-none-eabi/lib/thumb/v7e-m+fp/hard\libc_nano.a(lib_a-memcpy-stub.o)
                              ./Middlewares/Third_Party/FreeRTOS/Source/queue.o (memcpy)
c:/st/stm32cubeide_1.7.0/stm32cubeide/plugins/com.st.stm32cube.ide.mcu.externaltools.gnu-tools-for-stm32.9-2020-q2-update.win32_2.0.0.202105311346/tools/bin/../lib/gcc/arm-none-eabi/9.3.1/../../../../arm-none-eabi/lib/thumb/v7e-m+fp/hard\libc_nano.a(lib_a-memset.o)
                              c:/st/stm32cubeide_1.7.0/stm32cubeide/plugins/com.st.stm32cube.ide.mcu.externaltools.gnu-tools-for-stm32.9-2020-q2-update.win32_2.0.0.202105311346/tools/bin/../lib/gcc/arm-none-eabi/9.3.1/../../../../arm-none-eabi/lib/thumb/v7e-m+fp/hard/crt0.o (memset)
c:/st/stm32cubeide_1.7.0/stm32cubeide/plugins/com.st.stm32cube.ide.mcu.externaltools.gnu-tools-for-stm32.9-2020-q2-update.win32_2.0.0.202105311346/tools/bin/../lib/gcc/arm-none-eabi/9.3.1/../../../../arm-none-eabi/lib/thumb/v7e-m+fp/hard\libc_nano.a(lib_a-nano-mallocr.o)
[...]
Memory Configuration

Name             Origin             Length             Attributes
CCMRAM           0x0000000010000000 0x0000000000010000 xrw
RAM              0x0000000020000000 0x0000000000030000 xrw
FLASH            0x0000000008000000 0x0000000000200000 xr
*default*        0x0000000000000000 0xffffffffffffffff

Linker script and memory map

LOAD c:/st/stm32cubeide_1.7.0/stm32cubeide/plugins/com.st.stm32cube.ide.mcu.externaltools.gnu-tools-for-stm32.9-2020-q2-update.win32_2.0.0.202105311346/tools/bin/../lib/gcc/arm-none-eabi/9.3.1/thumb/v7e-m+fp/hard/crti.o
LOAD c:/st/stm32cubeide_1.7.0/stm32cubeide/plugins/com.st.stm32cube.ide.mcu.externaltools.gnu-tools-for-stm32.9-2020-q2-update.win32_2.0.0.202105311346/tools/bin/../lib/gcc/arm-none-eabi/9.3.1/thumb/v7e-m+fp/hard/crtbegin.o
LOAD c:/st/stm32cubeide_1.7.0/stm32cubeide/plugins/com.st.stm32cube.ide.mcu.externaltools.gnu-tools-for-stm32.9-2020-q2-update.win32_2.0.0.202105311346/tools/bin/../lib/gcc/arm-none-eabi/9.3.1/../../../../arm-none-eabi/lib/thumb/v7e-m+fp/hard/crt0.o
LOAD ./Core/Src/UserTask.o
LOAD ./Core/Src/dma.o
LOAD ./Core/Src/freertos.o
LOAD ./Core/Src/gpio.o
LOAD ./Core/Src/i2c.o
LOAD ./Core/Src/main.o
LOAD ./Core/Src/stm32f4xx_hal_msp.o
LOAD ./Core/Src/stm32f4xx_hal_timebase_tim.o
LOAD ./Core/Src/stm32f4xx_it.o
LOAD ./Core/Src/syscalls.o
LOAD ./Core/Src/sysmem.o
LOAD ./Core/Src/system_stm32f4xx.o
LOAD ./Core/Src/usart.o
LOAD ./Core/Src/usb_otg.o
LOAD ./Core/Startup/startup_stm32f429zitx.o
LOAD ./Drivers/STM32F4xx_HAL_Driver/Src/stm32f4xx_hal.o
LOAD ./Drivers/STM32F4xx_HAL_Driver/Src/stm32f4xx_hal_cortex.o
LOAD ./Drivers/STM32F4xx_HAL_Driver/Src/stm32f4xx_hal_dma.o
LOAD ./Drivers/STM32F4xx_HAL_Driver/Src/stm32f4xx_hal_dma_ex.o
LOAD ./Drivers/STM32F4xx_HAL_Driver/Src/stm32f4xx_hal_exti.o
LOAD ./Drivers/STM32F4xx_HAL_Driver/Src/stm32f4xx_hal_flash.o
LOAD ./Drivers/STM32F4xx_HAL_Driver/Src/stm32f4xx_hal_flash_ex.o
LOAD ./Drivers/STM32F4xx_HAL_Driver/Src/stm32f4xx_hal_flash_ramfunc.o
LOAD ./Drivers/STM32F4xx_HAL_Driver/Src/stm32f4xx_hal_gpio.o
LOAD ./Drivers/STM32F4xx_HAL_Driver/Src/stm32f4xx_hal_i2c.o
LOAD ./Drivers/STM32F4xx_HAL_Driver/Src/stm32f4xx_hal_i2c_ex.o
LOAD ./Drivers/STM32F4xx_HAL_Driver/Src/stm32f4xx_hal_pcd.o
LOAD ./Drivers/STM32F4xx_HAL_Driver/Src/stm32f4xx_hal_pcd_ex.o
LOAD ./Drivers/STM32F4xx_HAL_Driver/Src/stm32f4xx_hal_pwr.o
LOAD ./Drivers/STM32F4xx_HAL_Driver/Src/stm32f4xx_hal_pwr_ex.o
LOAD ./Drivers/STM32F4xx_HAL_Driver/Src/stm32f4xx_hal_rcc.o
LOAD ./Drivers/STM32F4xx_HAL_Driver/Src/stm32f4xx_hal_rcc_ex.o
LOAD ./Drivers/STM32F4xx_HAL_Driver/Src/stm32f4xx_hal_tim.o
LOAD ./Drivers/STM32F4xx_HAL_Driver/Src/stm32f4xx_hal_tim_ex.o
LOAD ./Drivers/STM32F4xx_HAL_Driver/Src/stm32f4xx_hal_uart.o
LOAD ./Drivers/STM32F4xx_HAL_Driver/Src/stm32f4xx_ll_usb.o
LOAD ./Middlewares/Third_Party/FreeRTOS/Source/CMSIS_RTOS/cmsis_os.o
LOAD ./Middlewares/Third_Party/FreeRTOS/Source/croutine.o
LOAD ./Middlewares/Third_Party/FreeRTOS/Source/event_groups.o
LOAD ./Middlewares/Third_Party/FreeRTOS/Source/list.o
LOAD ./Middlewares/Third_Party/FreeRTOS/Source/queue.o
LOAD ./Middlewares/Third_Party/FreeRTOS/Source/stream_buffer.o
LOAD ./Middlewares/Third_Party/FreeRTOS/Source/tasks.o
LOAD ./Middlewares/Third_Party/FreeRTOS/Source/timers.o
LOAD ./Middlewares/Third_Party/FreeRTOS/Source/portable/GCC/ARM_CM4F/port.o
LOAD ./Middlewares/Third_Party/FreeRTOS/Source/portable/MemMang/heap_4.o
START GROUP
LOAD c:/st/stm32cubeide_1.7.0/stm32cubeide/plugins/com.st.stm32cube.ide.mcu.externaltools.gnu-tools-for-stm32.9-2020-q2-update.win32_2.0.0.202105311346/tools/bin/../lib/gcc/arm-none-eabi/9.3.1/../../../../arm-none-eabi/lib/thumb/v7e-m+fp/hard\libc_nano.a
LOAD c:/st/stm32cubeide_1.7.0/stm32cubeide/plugins/com.st.stm32cube.ide.mcu.externaltools.gnu-tools-for-stm32.9-2020-q2-update.win32_2.0.0.202105311346/tools/bin/../lib/gcc/arm-none-eabi/9.3.1/../../../../arm-none-eabi/lib/thumb/v7e-m+fp/hard\libm.a
END GROUP
START GROUP
LOAD c:/st/stm32cubeide_1.7.0/stm32cubeide/plugins/com.st.stm32cube.ide.mcu.externaltools.gnu-tools-for-stm32.9-2020-q2-update.win32_2.0.0.202105311346/tools/bin/../lib/gcc/arm-none-eabi/9.3.1/thumb/v7e-m+fp/hard\libgcc.a
LOAD c:/st/stm32cubeide_1.7.0/stm32cubeide/plugins/com.st.stm32cube.ide.mcu.externaltools.gnu-tools-for-stm32.9-2020-q2-update.win32_2.0.0.202105311346/tools/bin/../lib/gcc/arm-none-eabi/9.3.1/../../../../arm-none-eabi/lib/thumb/v7e-m+fp/hard\libc_nano.a
END GROUP
START GROUP
LOAD c:/st/stm32cubeide_1.7.0/stm32cubeide/plugins/com.st.stm32cube.ide.mcu.externaltools.gnu-tools-for-stm32.9-2020-q2-update.win32_2.0.0.202105311346/tools/bin/../lib/gcc/arm-none-eabi/9.3.1/thumb/v7e-m+fp/hard\libgcc.a
LOAD c:/st/stm32cubeide_1.7.0/stm32cubeide/plugins/com.st.stm32cube.ide.mcu.externaltools.gnu-tools-for-stm32.9-2020-q2-update.win32_2.0.0.202105311346/tools/bin/../lib/gcc/arm-none-eabi/9.3.1/../../../../arm-none-eabi/lib/thumb/v7e-m+fp/hard\libc_nano.a
LOAD c:/st/stm32cubeide_1.7.0/stm32cubeide/plugins/com.st.stm32cube.ide.mcu.externaltools.gnu-tools-for-stm32.9-2020-q2-update.win32_2.0.0.202105311346/tools/bin/../lib/gcc/arm-none-eabi/9.3.1/../../../../arm-none-eabi/lib/thumb/v7e-m+fp/hard\libnosys.a
END GROUP
START GROUP
LOAD c:/st/stm32cubeide_1.7.0/stm32cubeide/plugins/com.st.stm32cube.ide.mcu.externaltools.gnu-tools-for-stm32.9-2020-q2-update.win32_2.0.0.202105311346/tools/bin/../lib/gcc/arm-none-eabi/9.3.1/thumb/v7e-m+fp/hard\libgcc.a
LOAD c:/st/stm32cubeide_1.7.0/stm32cubeide/plugins/com.st.stm32cube.ide.mcu.externaltools.gnu-tools-for-stm32.9-2020-q2-update.win32_2.0.0.202105311346/tools/bin/../lib/gcc/arm-none-eabi/9.3.1/../../../../arm-none-eabi/lib/thumb/v7e-m+fp/hard\libc_nano.a
LOAD c:/st/stm32cubeide_1.7.0/stm32cubeide/plugins/com.st.stm32cube.ide.mcu.externaltools.gnu-tools-for-stm32.9-2020-q2-update.win32_2.0.0.202105311346/tools/bin/../lib/gcc/arm-none-eabi/9.3.1/../../../../arm-none-eabi/lib/thumb/v7e-m+fp/hard\libnosys.a
END GROUP
LOAD c:/st/stm32cubeide_1.7.0/stm32cubeide/plugins/com.st.stm32cube.ide.mcu.externaltools.gnu-tools-for-stm32.9-2020-q2-update.win32_2.0.0.202105311346/tools/bin/../lib/gcc/arm-none-eabi/9.3.1/thumb/v7e-m+fp/hard/crtend.o
LOAD c:/st/stm32cubeide_1.7.0/stm32cubeide/plugins/com.st.stm32cube.ide.mcu.externaltools.gnu-tools-for-stm32.9-2020-q2-update.win32_2.0.0.202105311346/tools/bin/../lib/gcc/arm-none-eabi/9.3.1/thumb/v7e-m+fp/hard/crtn.o
                0x0000000020030000                _estack = (ORIGIN (RAM) + LENGTH (RAM))
                0x0000000000000200                _Min_Heap_Size = 0x200
                0x0000000000000400                _Min_Stack_Size = 0x400

.isr_vector     0x0000000008000000      0x1ac
                0x0000000008000000                . = ALIGN (0x4)
 *(.isr_vector)
 .isr_vector    0x0000000008000000      0x1ac ./Core/Startup/startup_stm32f429zitx.o
                0x0000000008000000                g_pfnVectors
                0x00000000080001ac                . = ALIGN (0x4)

.text           0x00000000080001b0     0x60cc
                0x00000000080001b0                . = ALIGN (0x4)
 *(.text)
 .text          0x00000000080001b0       0x40 c:/st/stm32cubeide_1.7.0/stm32cubeide/plugins/com.st.stm32cube.ide.mcu.externaltools.gnu-tools-for-stm32.9-2020-q2-update.win32_2.0.0.202105311346/tools/bin/../lib/gcc/arm-none-eabi/9.3.1/thumb/v7e-m+fp/hard/crtbegin.o
 .text          0x00000000080001f0       0x30 c:/st/stm32cubeide_1.7.0/stm32cubeide/plugins/com.st.stm32cube.ide.mcu.externaltools.gnu-tools-for-stm32.9-2020-q2-update.win32_2.0.0.202105311346/tools/bin/../lib/gcc/arm-none-eabi/9.3.1/thumb/v7e-m+fp/hard\libgcc.a(_aeabi_uldivmod.o)
                0x00000000080001f0                __aeabi_uldivmod
 .text          0x0000000008000220      0x2c4 c:/st/stm32cubeide_1.7.0/stm32cubeide/plugins/com.st.stm32cube.ide.mcu.externaltools.gnu-tools-for-stm32.9-2020-q2-update.win32_2.0.0.202105311346/tools/bin/../lib/gcc/arm-none-eabi/9.3.1/thumb/v7e-m+fp/hard\libgcc.a(_udivmoddi4.o)
                0x0000000008000220                __udivmoddi4
 .text          0x00000000080004e4        0x4 c:/st/stm32cubeide_1.7.0/stm32cubeide/plugins/com.st.stm32cube.ide.mcu.externaltools.gnu-tools-for-stm32.9-2020-q2-update.win32_2.0.0.202105311346/tools/bin/../lib/gcc/arm-none-eabi/9.3.1/thumb/v7e-m+fp/hard\libgcc.a(_dvmd_tls.o)
                0x00000000080004e4                __aeabi_idiv0
                0x00000000080004e4                __aeabi_ldiv0
 *(.text*)
 .text.UserTaskInit
                0x00000000080004e8       0x28 ./Core/Src/UserTask.o
                0x00000000080004e8                UserTaskInit
 .text.UserTaskLoop
                0x0000000008000510       0x98 ./Core/Src/UserTask.o
                0x0000000008000510                UserTaskLoop
 .text.HAL_UARTEx_RxEventCallback
                0x00000000080005a8       0x4c ./Core/Src/UserTask.o
                0x00000000080005a8                HAL_UARTEx_RxEventCallback
 .text.MX_DMA_Init
                0x00000000080005f4       0x40 ./Core/Src/dma.o
                0x00000000080005f4                MX_DMA_Init
 .text.vApplicationGetIdleTaskMemory
                0x0000000008000634       0x34 ./Core/Src/freertos.o
                0x0000000008000634                vApplicationGetIdleTaskMemory
 .text.MX_FREERTOS_Init
                0x0000000008000668       0x68 ./Core/Src/freertos.o
                0x0000000008000668                MX_FREERTOS_Init
 .text.StartDefaultTask
                0x00000000080006d0       0x20 ./Core/Src/freertos.o
                0x00000000080006d0                StartDefaultTask
 .text.MX_GPIO_Init
                0x00000000080006f0      0x1e4 ./Core/Src/gpio.o
                0x00000000080006f0                MX_GPIO_Init
 .text.MX_I2C1_Init
                0x00000000080008d4       0x80 ./Core/Src/i2c.o
                0x00000000080008d4                MX_I2C1_Init
 .text.HAL_I2C_MspInit
                0x0000000008000954       0x90 ./Core/Src/i2c.o
                0x0000000008000954                HAL_I2C_MspInit
 .text.main     0x00000000080009e4       0x2a ./Core/Src/main.o
                0x00000000080009e4                main
 *fill*         0x0000000008000a0e        0x2 
 .text.SystemClock_Config
                0x0000000008000a10       0xd4 ./Core/Src/main.o
                0x0000000008000a10                SystemClock_Config
 .text.HAL_TIM_PeriodElapsedCallback
                0x0000000008000ae4       0x24 ./Core/Src/main.o
                0x0000000008000ae4                HAL_TIM_PeriodElapsedCallback
 .text.Error_Handler
                0x0000000008000b08       0x5c ./Core/Src/main.o
                0x0000000008000b08                Error_Handler
 .text.HAL_MspInit
                0x0000000008000b64       0x58 ./Core/Src/stm32f4xx_hal_msp.o
                0x0000000008000b64                HAL_MspInit
 .text.HAL_InitTick
                0x0000000008000bbc       0xb4 ./Core/Src/stm32f4xx_hal_timebase_tim.o
                0x0000000008000bbc                HAL_InitTick
 .text.NMI_Handler
                0x0000000008000c70        0x6 ./Core/Src/stm32f4xx_it.o
                0x0000000008000c70                NMI_Handler
 *fill*         0x0000000008000c76        0x2 
 .text.HardFault_Handler
                0x0000000008000c78       0x58 ./Core/Src/stm32f4xx_it.o
                0x0000000008000c78                HardFault_Handler
 .text.MemManage_Handler
                0x0000000008000cd0        0x6 ./Core/Src/stm32f4xx_it.o
                0x0000000008000cd0                MemManage_Handler
 .text.BusFault_Handler
                0x0000000008000cd6        0x6 ./Core/Src/stm32f4xx_it.o
                0x0000000008000cd6                BusFault_Handler
 .text.UsageFault_Handler
                0x0000000008000cdc        0x6 ./Core/Src/stm32f4xx_it.o
                0x0000000008000cdc                UsageFault_Handler
 .text.DebugMon_Handler
                0x0000000008000ce2        0xe ./Core/Src/stm32f4xx_it.o
                0x0000000008000ce2                DebugMon_Handler
 .text.DMA1_Stream1_IRQHandler
                0x0000000008000cf0       0x14 ./Core/Src/stm32f4xx_it.o
                0x0000000008000cf0                DMA1_Stream1_IRQHandler
 .text.USART3_IRQHandler
                0x0000000008000d04       0x14 ./Core/Src/stm32f4xx_it.o
                0x0000000008000d04                USART3_IRQHandler
 .text.TIM8_TRG_COM_TIM14_IRQHandler
                0x0000000008000d18       0x14 ./Core/Src/stm32f4xx_it.o
                0x0000000008000d18                TIM8_TRG_COM_TIM14_IRQHandler
 .text.SystemInit
                0x0000000008000d2c       0x24 ./Core/Src/system_stm32f4xx.o
                0x0000000008000d2c                SystemInit
 .text.MX_USART3_UART_Init
                0x0000000008000d50       0x54 ./Core/Src/usart.o
                0x0000000008000d50                MX_USART3_UART_Init
 .text.HAL_UART_MspInit
                0x0000000008000da4      0x104 ./Core/Src/usart.o
                0x0000000008000da4                HAL_UART_MspInit
 .text.MX_USB_OTG_FS_PCD_Init
                0x0000000008000ea8       0x5c ./Core/Src/usb_otg.o
                0x0000000008000ea8                MX_USB_OTG_FS_PCD_Init
 .text.HAL_PCD_MspInit
                0x0000000008000f04       0xb4 ./Core/Src/usb_otg.o
                0x0000000008000f04                HAL_PCD_MspInit
 .text.Reset_Handler
                0x0000000008000fb8       0x50 ./Core/Startup/startup_stm32f429zitx.o
                0x0000000008000fb8                Reset_Handler
 .text.Default_Handler
                0x0000000008001008        0x2 ./Core/Startup/startup_stm32f429zitx.o
                0x0000000008001008                RTC_Alarm_IRQHandler
                0x0000000008001008                HASH_RNG_IRQHandler
                0x0000000008001008                EXTI2_IRQHandler
                0x0000000008001008                TIM8_CC_IRQHandler
                0x0000000008001008                UART8_IRQHandler
                0x0000000008001008                SPI4_IRQHandler
                0x0000000008001008                TIM1_CC_IRQHandler
                0x0000000008001008                DMA2_Stream5_IRQHandler
                0x0000000008001008                DMA1_Stream5_IRQHandler
                0x0000000008001008                PVD_IRQHandler
                0x0000000008001008                SDIO_IRQHandler
                0x0000000008001008                TAMP_STAMP_IRQHandler
                0x0000000008001008                CAN2_RX1_IRQHandler
                0x0000000008001008                EXTI3_IRQHandler
                0x0000000008001008                TIM1_UP_TIM10_IRQHandler
                0x0000000008001008                TIM8_UP_TIM13_IRQHandler
                0x0000000008001008                I2C3_ER_IRQHandler
                0x0000000008001008                EXTI0_IRQHandler
                0x0000000008001008                I2C2_EV_IRQHandler
                0x0000000008001008                DMA1_Stream2_IRQHandler
                0x0000000008001008                CAN1_RX0_IRQHandler
                0x0000000008001008                FPU_IRQHandler
                0x0000000008001008                OTG_HS_WKUP_IRQHandler
                0x0000000008001008                LTDC_ER_IRQHandler
                0x0000000008001008                CAN2_SCE_IRQHandler
                0x0000000008001008                DMA2_Stream2_IRQHandler
                0x0000000008001008                SPI1_IRQHandler
                0x0000000008001008                TIM6_DAC_IRQHandler
                0x0000000008001008                TIM1_BRK_TIM9_IRQHandler
                0x0000000008001008                DCMI_IRQHandler
                0x0000000008001008                CAN2_RX0_IRQHandler
                0x0000000008001008                DMA2_Stream3_IRQHandler
                0x0000000008001008                USART6_IRQHandler
                0x0000000008001008                CAN1_RX1_IRQHandler
                0x0000000008001008                UART5_IRQHandler
                0x0000000008001008                DMA2_Stream0_IRQHandler
                0x0000000008001008                TIM4_IRQHandler
                0x0000000008001008                I2C1_EV_IRQHandler
                0x0000000008001008                DMA1_Stream6_IRQHandler
                0x0000000008001008                UART4_IRQHandler
                0x0000000008001008                TIM3_IRQHandler
                0x0000000008001008                RCC_IRQHandler
                0x0000000008001008                TIM8_BRK_TIM12_IRQHandler
                0x0000000008001008                Default_Handler
                0x0000000008001008                EXTI15_10_IRQHandler
                0x0000000008001008                ADC_IRQHandler
                0x0000000008001008                DMA1_Stream7_IRQHandler
                0x0000000008001008                SPI5_IRQHandler
                0x0000000008001008                TIM7_IRQHandler
                0x0000000008001008                CAN2_TX_IRQHandler
                0x0000000008001008                TIM5_IRQHandler
                0x0000000008001008                DMA2_Stream7_IRQHandler
                0x0000000008001008                I2C3_EV_IRQHandler
                0x0000000008001008                EXTI9_5_IRQHandler
                0x0000000008001008                RTC_WKUP_IRQHandler
                0x0000000008001008                LTDC_IRQHandler
                0x0000000008001008                ETH_WKUP_IRQHandler
                0x0000000008001008                SPI2_IRQHandler
                0x0000000008001008                OTG_HS_EP1_IN_IRQHandler
                0x0000000008001008                DMA1_Stream0_IRQHandler
                0x0000000008001008                CAN1_TX_IRQHandler
                0x0000000008001008                EXTI4_IRQHandler
                0x0000000008001008                ETH_IRQHandler
                0x0000000008001008                OTG_HS_EP1_OUT_IRQHandler
                0x0000000008001008                WWDG_IRQHandler
                0x0000000008001008                SPI6_IRQHandler
                0x0000000008001008                TIM2_IRQHandler
                0x0000000008001008                OTG_FS_WKUP_IRQHandler
                0x0000000008001008                TIM1_TRG_COM_TIM11_IRQHandler
                0x0000000008001008                OTG_HS_IRQHandler
                0x0000000008001008                DMA2D_IRQHandler
                0x0000000008001008                EXTI1_IRQHandler
                0x0000000008001008                UART7_IRQHandler
                0x0000000008001008                USART2_IRQHandler
                0x0000000008001008                I2C2_ER_IRQHandler
                0x0000000008001008                DMA2_Stream1_IRQHandler
                0x0000000008001008                CAN1_SCE_IRQHandler
                0x0000000008001008                FLASH_IRQHandler
                0x0000000008001008                DMA2_Stream4_IRQHandler
                0x0000000008001008                USART1_IRQHandler
                0x0000000008001008                OTG_FS_IRQHandler
                0x0000000008001008                SPI3_IRQHandler
                0x0000000008001008                DMA1_Stream4_IRQHandler
                0x0000000008001008                I2C1_ER_IRQHandler
                0x0000000008001008                FMC_IRQHandler
                0x0000000008001008                DMA2_Stream6_IRQHandler
                0x0000000008001008                SAI1_IRQHandler
                0x0000000008001008                DMA1_Stream3_IRQHandler
 *fill*         0x000000000800100a        0x2 
 .text.HAL_Init
                0x000000000800100c       0x44 ./Drivers/STM32F4xx_HAL_Driver/Src/stm32f4xx_hal.o
                0x000000000800100c                HAL_Init
 .text.HAL_IncTick
                0x0000000008001050       0x28 ./Drivers/STM32F4xx_HAL_Driver/Src/stm32f4xx_hal.o
                0x0000000008001050                HAL_IncTick
 .text.HAL_GetTick
                0x0000000008001078       0x18 ./Drivers/STM32F4xx_HAL_Driver/Src/stm32f4xx_hal.o
                0x0000000008001078                HAL_GetTick
 .text.HAL_Delay
                0x0000000008001090       0x48 ./Drivers/STM32F4xx_HAL_Driver/Src/stm32f4xx_hal.o
                0x0000000008001090                HAL_Delay
 .text.__NVIC_SetPriorityGrouping
                0x00000000080010d8       0x48 ./Drivers/STM32F4xx_HAL_Driver/Src/stm32f4xx_hal_cortex.o
 .text.__NVIC_GetPriorityGrouping
                0x0000000008001120       0x1c ./Drivers/STM32F4xx_HAL_Driver/Src/stm32f4xx_hal_cortex.o
 .text.__NVIC_EnableIRQ
                0x000000000800113c       0x3c ./Drivers/STM32F4xx_HAL_Driver/Src/stm32f4xx_hal_cortex.o
 .text.__NVIC_SetPriority
                0x0000000008001178       0x54 ./Drivers/STM32F4xx_HAL_Driver/Src/stm32f4xx_hal_cortex.o
 .text.NVIC_EncodePriority
                0x00000000080011cc       0x66 ./Drivers/STM32F4xx_HAL_Driver/Src/stm32f4xx_hal_cortex.o
 .text.HAL_NVIC_SetPriorityGrouping
                0x0000000008001232       0x16 ./Drivers/STM32F4xx_HAL_Driver/Src/stm32f4xx_hal_cortex.o
                0x0000000008001232                HAL_NVIC_SetPriorityGrouping
 .text.HAL_NVIC_SetPriority
                0x0000000008001248       0x38 ./Drivers/STM32F4xx_HAL_Driver/Src/stm32f4xx_hal_cortex.o
                0x0000000008001248                HAL_NVIC_SetPriority
 .text.HAL_NVIC_EnableIRQ
                0x0000000008001280       0x1c ./Drivers/STM32F4xx_HAL_Driver/Src/stm32f4xx_hal_cortex.o
                0x0000000008001280                HAL_NVIC_EnableIRQ
 .text.HAL_DMA_Init
                0x000000000800129c      0x15c ./Drivers/STM32F4xx_HAL_Driver/Src/stm32f4xx_hal_dma.o
                0x000000000800129c                HAL_DMA_Init
 .text.HAL_DMA_Start_IT
                0x00000000080013f8       0xb0 ./Drivers/STM32F4xx_HAL_Driver/Src/stm32f4xx_hal_dma.o
                0x00000000080013f8                HAL_DMA_Start_IT
 .text.HAL_DMA_Abort
                0x00000000080014a8       0xe0 ./Drivers/STM32F4xx_HAL_Driver/Src/stm32f4xx_hal_dma.o
                0x00000000080014a8                HAL_DMA_Abort
 .text.HAL_DMA_Abort_IT
                0x0000000008001588       0x44 ./Drivers/STM32F4xx_HAL_Driver/Src/stm32f4xx_hal_dma.o
                0x0000000008001588                HAL_DMA_Abort_IT
 .text.HAL_DMA_IRQHandler
                0x00000000080015cc      0x314 ./Drivers/STM32F4xx_HAL_Driver/Src/stm32f4xx_hal_dma.o
                0x00000000080015cc                HAL_DMA_IRQHandler
 .text.DMA_SetConfig
                0x00000000080018e0       0x5c ./Drivers/STM32F4xx_HAL_Driver/Src/stm32f4xx_hal_dma.o
 .text.DMA_CalcBaseAndBitshift
                0x000000000800193c       0x6c ./Drivers/STM32F4xx_HAL_Driver/Src/stm32f4xx_hal_dma.o
 .text.DMA_CheckFifoParam
                0x00000000080019a8       0xf8 ./Drivers/STM32F4xx_HAL_Driver/Src/stm32f4xx_hal_dma.o
 .text.HAL_GPIO_Init
                0x0000000008001aa0      0x358 ./Drivers/STM32F4xx_HAL_Driver/Src/stm32f4xx_hal_gpio.o
                0x0000000008001aa0                HAL_GPIO_Init
 .text.HAL_GPIO_WritePin
                0x0000000008001df8       0x32 ./Drivers/STM32F4xx_HAL_Driver/Src/stm32f4xx_hal_gpio.o
                0x0000000008001df8                HAL_GPIO_WritePin
 .text.HAL_GPIO_TogglePin
                0x0000000008001e2a       0x34 ./Drivers/STM32F4xx_HAL_Driver/Src/stm32f4xx_hal_gpio.o
                0x0000000008001e2a                HAL_GPIO_TogglePin
 *fill*         0x0000000008001e5e        0x2 
 .text.HAL_I2C_Init
                0x0000000008001e60      0x288 ./Drivers/STM32F4xx_HAL_Driver/Src/stm32f4xx_hal_i2c.o
                0x0000000008001e60                HAL_I2C_Init
 .text.HAL_I2CEx_ConfigAnalogFilter
                0x00000000080020e8       0x78 ./Drivers/STM32F4xx_HAL_Driver/Src/stm32f4xx_hal_i2c_ex.o
                0x00000000080020e8                HAL_I2CEx_ConfigAnalogFilter
 .text.HAL_I2CEx_ConfigDigitalFilter
                0x0000000008002160       0x7e ./Drivers/STM32F4xx_HAL_Driver/Src/stm32f4xx_hal_i2c_ex.o
                0x0000000008002160                HAL_I2CEx_ConfigDigitalFilter
 .text.HAL_PCD_Init
                0x00000000080021de      0x23a ./Drivers/STM32F4xx_HAL_Driver/Src/stm32f4xx_hal_pcd.o
                0x00000000080021de                HAL_PCD_Init
 .text.HAL_RCC_OscConfig
                0x0000000008002418      0x4f0 ./Drivers/STM32F4xx_HAL_Driver/Src/stm32f4xx_hal_rcc.o
                0x0000000008002418                HAL_RCC_OscConfig
 .text.HAL_RCC_ClockConfig
                0x0000000008002908      0x1cc ./Drivers/STM32F4xx_HAL_Driver/Src/stm32f4xx_hal_rcc.o
                0x0000000008002908                HAL_RCC_ClockConfig
 .text.HAL_RCC_GetSysClockFreq
                0x0000000008002ad4      0x1c4 ./Drivers/STM32F4xx_HAL_Driver/Src/stm32f4xx_hal_rcc.o
                0x0000000008002ad4                HAL_RCC_GetSysClockFreq
 .text.HAL_RCC_GetHCLKFreq
                0x0000000008002c98       0x18 ./Drivers/STM32F4xx_HAL_Driver/Src/stm32f4xx_hal_rcc.o
                0x0000000008002c98                HAL_RCC_GetHCLKFreq
 .text.HAL_RCC_GetPCLK1Freq
                0x0000000008002cb0       0x28 ./Drivers/STM32F4xx_HAL_Driver/Src/stm32f4xx_hal_rcc.o
                0x0000000008002cb0                HAL_RCC_GetPCLK1Freq
 .text.HAL_RCC_GetPCLK2Freq
                0x0000000008002cd8       0x28 ./Drivers/STM32F4xx_HAL_Driver/Src/stm32f4xx_hal_rcc.o
                0x0000000008002cd8                HAL_RCC_GetPCLK2Freq
 .text.HAL_RCC_GetClockConfig
                0x0000000008002d00       0x64 ./Drivers/STM32F4xx_HAL_Driver/Src/stm32f4xx_hal_rcc.o
                0x0000000008002d00                HAL_RCC_GetClockConfig
 .text.HAL_TIM_Base_Init
                0x0000000008002d64       0x9e ./Drivers/STM32F4xx_HAL_Driver/Src/stm32f4xx_hal_tim.o
                0x0000000008002d64                HAL_TIM_Base_Init
 .text.HAL_TIM_Base_MspInit
                0x0000000008002e02       0x14 ./Drivers/STM32F4xx_HAL_Driver/Src/stm32f4xx_hal_tim.o
                0x0000000008002e02                HAL_TIM_Base_MspInit
 *fill*         0x0000000008002e16        0x2 
 .text.HAL_TIM_Base_Start_IT
                0x0000000008002e18       0xe0 ./Drivers/STM32F4xx_HAL_Driver/Src/stm32f4xx_hal_tim.o
                0x0000000008002e18                HAL_TIM_Base_Start_IT
 .text.HAL_TIM_IRQHandler
                0x0000000008002ef8      0x210 ./Drivers/STM32F4xx_HAL_Driver/Src/stm32f4xx_hal_tim.o
                0x0000000008002ef8                HAL_TIM_IRQHandler
 .text.HAL_TIM_OC_DelayElapsedCallback
                0x0000000008003108       0x14 ./Drivers/STM32F4xx_HAL_Driver/Src/stm32f4xx_hal_tim.o
                0x0000000008003108                HAL_TIM_OC_DelayElapsedCallback
 .text.HAL_TIM_IC_CaptureCallback
                0x000000000800311c       0x14 ./Drivers/STM32F4xx_HAL_Driver/Src/stm32f4xx_hal_tim.o
                0x000000000800311c                HAL_TIM_IC_CaptureCallback
 .text.HAL_TIM_PWM_PulseFinishedCallback
                0x0000000008003130       0x14 ./Drivers/STM32F4xx_HAL_Driver/Src/stm32f4xx_hal_tim.o
                0x0000000008003130                HAL_TIM_PWM_PulseFinishedCallback
 .text.HAL_TIM_TriggerCallback
                0x0000000008003144       0x14 ./Drivers/STM32F4xx_HAL_Driver/Src/stm32f4xx_hal_tim.o
                0x0000000008003144                HAL_TIM_TriggerCallback
 .text.TIM_Base_SetConfig
                0x0000000008003158      0x140 ./Drivers/STM32F4xx_HAL_Driver/Src/stm32f4xx_hal_tim.o
                0x0000000008003158                TIM_Base_SetConfig
 .text.HAL_TIMEx_CommutCallback
                0x0000000008003298       0x14 ./Drivers/STM32F4xx_HAL_Driver/Src/stm32f4xx_hal_tim_ex.o
                0x0000000008003298                HAL_TIMEx_CommutCallback
 .text.HAL_TIMEx_BreakCallback
                0x00000000080032ac       0x14 ./Drivers/STM32F4xx_HAL_Driver/Src/stm32f4xx_hal_tim_ex.o
                0x00000000080032ac                HAL_TIMEx_BreakCallback
 .text.HAL_UART_Init
                0x00000000080032c0       0x9a ./Drivers/STM32F4xx_HAL_Driver/Src/stm32f4xx_hal_uart.o
                0x00000000080032c0                HAL_UART_Init
 .text.HAL_UART_Transmit
                0x000000000800335a      0x124 ./Drivers/STM32F4xx_HAL_Driver/Src/stm32f4xx_hal_uart.o
                0x000000000800335a                HAL_UART_Transmit
 .text.HAL_UARTEx_ReceiveToIdle_DMA
                0x000000000800347e       0xca ./Drivers/STM32F4xx_HAL_Driver/Src/stm32f4xx_hal_uart.o
                0x000000000800347e                HAL_UARTEx_ReceiveToIdle_DMA
 .text.HAL_UART_IRQHandler
                0x0000000008003548      0x51c ./Drivers/STM32F4xx_HAL_Driver/Src/stm32f4xx_hal_uart.o
                0x0000000008003548                HAL_UART_IRQHandler
 .text.HAL_UART_TxCpltCallback
                0x0000000008003a64       0x14 ./Drivers/STM32F4xx_HAL_Driver/Src/stm32f4xx_hal_uart.o
                0x0000000008003a64                HAL_UART_TxCpltCallback
 .text.HAL_UART_RxCpltCallback
                0x0000000008003a78       0x14 ./Drivers/STM32F4xx_HAL_Driver/Src/stm32f4xx_hal_uart.o
                0x0000000008003a78                HAL_UART_RxCpltCallback
 .text.HAL_UART_RxHalfCpltCallback
                0x0000000008003a8c       0x14 ./Drivers/STM32F4xx_HAL_Driver/Src/stm32f4xx_hal_uart.o
                0x0000000008003a8c                HAL_UART_RxHalfCpltCallback
 .text.HAL_UART_ErrorCallback
                0x0000000008003aa0       0x14 ./Drivers/STM32F4xx_HAL_Driver/Src/stm32f4xx_hal_uart.o
                0x0000000008003aa0                HAL_UART_ErrorCallback
 .text.UART_DMAReceiveCplt
                0x0000000008003ab4      0x126 ./Drivers/STM32F4xx_HAL_Driver/Src/stm32f4xx_hal_uart.o
 .text.UART_DMARxHalfCplt
                0x0000000008003bda       0x36 ./Drivers/STM32F4xx_HAL_Driver/Src/stm32f4xx_hal_uart.o
 .text.UART_DMAError
                0x0000000008003c10       0x94 ./Drivers/STM32F4xx_HAL_Driver/Src/stm32f4xx_hal_uart.o
 .text.UART_WaitOnFlagUntilTimeout
                0x0000000008003ca4       0xdc ./Drivers/STM32F4xx_HAL_Driver/Src/stm32f4xx_hal_uart.o
 .text.UART_Start_Receive_DMA
                0x0000000008003d80      0x134 ./Drivers/STM32F4xx_HAL_Driver/Src/stm32f4xx_hal_uart.o
                0x0000000008003d80                UART_Start_Receive_DMA
 .text.UART_EndTxTransfer
                0x0000000008003eb4       0x50 ./Drivers/STM32F4xx_HAL_Driver/Src/stm32f4xx_hal_uart.o
 .text.UART_EndRxTransfer
                0x0000000008003f04       0xc6 ./Drivers/STM32F4xx_HAL_Driver/Src/stm32f4xx_hal_uart.o
 .text.UART_DMAAbortOnError
                0x0000000008003fca       0x28 ./Drivers/STM32F4xx_HAL_Driver/Src/stm32f4xx_hal_uart.o
 .text.UART_Transmit_IT
                0x0000000008003ff2       0xa0 ./Drivers/STM32F4xx_HAL_Driver/Src/stm32f4xx_hal_uart.o
 .text.UART_EndTransmit_IT
                0x0000000008004092       0x30 ./Drivers/STM32F4xx_HAL_Driver/Src/stm32f4xx_hal_uart.o
 .text.UART_Receive_IT
                0x00000000080040c2      0x176 ./Drivers/STM32F4xx_HAL_Driver/Src/stm32f4xx_hal_uart.o
 .text.UART_SetConfig
                0x0000000008004238      0x390 ./Drivers/STM32F4xx_HAL_Driver/Src/stm32f4xx_hal_uart.o
 .text.USB_CoreInit
                0x00000000080045c8       0xc2 ./Drivers/STM32F4xx_HAL_Driver/Src/stm32f4xx_ll_usb.o
                0x00000000080045c8                USB_CoreInit
 .text.USB_DisableGlobalInt
                0x000000000800468a       0x22 ./Drivers/STM32F4xx_HAL_Driver/Src/stm32f4xx_ll_usb.o
                0x000000000800468a                USB_DisableGlobalInt
 .text.USB_SetCurrentMode
                0x00000000080046ac       0x98 ./Drivers/STM32F4xx_HAL_Driver/Src/stm32f4xx_ll_usb.o
                0x00000000080046ac                USB_SetCurrentMode
 .text.USB_DevInit
                0x0000000008004744      0x2c8 ./Drivers/STM32F4xx_HAL_Driver/Src/stm32f4xx_ll_usb.o
                0x0000000008004744                USB_DevInit
 .text.USB_FlushTxFifo
                0x0000000008004a0c       0x48 ./Drivers/STM32F4xx_HAL_Driver/Src/stm32f4xx_ll_usb.o
                0x0000000008004a0c                USB_FlushTxFifo
 .text.USB_FlushRxFifo
                0x0000000008004a54       0x40 ./Drivers/STM32F4xx_HAL_Driver/Src/stm32f4xx_ll_usb.o
                0x0000000008004a54                USB_FlushRxFifo
 .text.USB_SetDevSpeed
                0x0000000008004a94       0x32 ./Drivers/STM32F4xx_HAL_Driver/Src/stm32f4xx_ll_usb.o
                0x0000000008004a94                USB_SetDevSpeed
 .text.USB_DevDisconnect
                0x0000000008004ac6       0x42 ./Drivers/STM32F4xx_HAL_Driver/Src/stm32f4xx_ll_usb.o
                0x0000000008004ac6                USB_DevDisconnect
 .text.USB_GetMode
                0x0000000008004b08       0x1c ./Drivers/STM32F4xx_HAL_Driver/Src/stm32f4xx_ll_usb.o
                0x0000000008004b08                USB_GetMode
 .text.USB_CoreReset
                0x0000000008004b24       0x64 ./Drivers/STM32F4xx_HAL_Driver/Src/stm32f4xx_ll_usb.o
 .text.makeFreeRtosPriority
                0x0000000008004b88       0x30 ./Middlewares/Third_Party/FreeRTOS/Source/CMSIS_RTOS/cmsis_os.o
 .text.osKernelStart
                0x0000000008004bb8        0xe ./Middlewares/Third_Party/FreeRTOS/Source/CMSIS_RTOS/cmsis_os.o
                0x0000000008004bb8                osKernelStart
 .text.osThreadCreate
                0x0000000008004bc6       0x98 ./Middlewares/Third_Party/FreeRTOS/Source/CMSIS_RTOS/cmsis_os.o
                0x0000000008004bc6                osThreadCreate
 .text.osDelay  0x0000000008004c5e       0x28 ./Middlewares/Third_Party/FreeRTOS/Source/CMSIS_RTOS/cmsis_os.o
                0x0000000008004c5e                osDelay
 .text.vListInitialise
                0x0000000008004c86       0x40 ./Middlewares/Third_Party/FreeRTOS/Source/list.o
                0x0000000008004c86                vListInitialise
 .text.vListInitialiseItem
                0x0000000008004cc6       0x1a ./Middlewares/Third_Party/FreeRTOS/Source/list.o
                0x0000000008004cc6                vListInitialiseItem
 .text.vListInsertEnd
                0x0000000008004ce0       0x48 ./Middlewares/Third_Party/FreeRTOS/Source/list.o
                0x0000000008004ce0                vListInsertEnd
 .text.vListInsert
                0x0000000008004d28       0x72 ./Middlewares/Third_Party/FreeRTOS/Source/list.o
                0x0000000008004d28                vListInsert
 .text.uxListRemove
                0x0000000008004d9a       0x54 ./Middlewares/Third_Party/FreeRTOS/Source/list.o
                0x0000000008004d9a                uxListRemove
 .text.xTaskCreateStatic
                0x0000000008004dee       0xba ./Middlewares/Third_Party/FreeRTOS/Source/tasks.o
                0x0000000008004dee                xTaskCreateStatic
 .text.xTaskCreate
                0x0000000008004ea8       0x8a ./Middlewares/Third_Party/FreeRTOS/Source/tasks.o
                0x0000000008004ea8                xTaskCreate
 *fill*         0x0000000008004f32        0x2 
 .text.prvInitialiseNewTask
                0x0000000008004f34      0x13c ./Middlewares/Third_Party/FreeRTOS/Source/tasks.o
 .text.prvAddNewTaskToReadyList
                0x0000000008005070       0xd4 ./Middlewares/Third_Party/FreeRTOS/Source/tasks.o
 .text.vTaskDelay
                0x0000000008005144       0x68 ./Middlewares/Third_Party/FreeRTOS/Source/tasks.o
                0x0000000008005144                vTaskDelay
 .text.vTaskStartScheduler
                0x00000000080051ac       0xd4 ./Middlewares/Third_Party/FreeRTOS/Source/tasks.o
                0x00000000080051ac                vTaskStartScheduler
 .text.vTaskSuspendAll
                0x0000000008005280       0x1c ./Middlewares/Third_Party/FreeRTOS/Source/tasks.o
                0x0000000008005280                vTaskSuspendAll
 .text.xTaskResumeAll
                0x000000000800529c      0x138 ./Middlewares/Third_Party/FreeRTOS/Source/tasks.o
                0x000000000800529c                xTaskResumeAll
 .text.xTaskIncrementTick
                0x00000000080053d4      0x170 ./Middlewares/Third_Party/FreeRTOS/Source/tasks.o
                0x00000000080053d4                xTaskIncrementTick
 .text.vTaskSwitchContext
                0x0000000008005544       0xc4 ./Middlewares/Third_Party/FreeRTOS/Source/tasks.o
                0x0000000008005544                vTaskSwitchContext
 .text.prvIdleTask
                0x0000000008005608       0x30 ./Middlewares/Third_Party/FreeRTOS/Source/tasks.o
 .text.prvInitialiseTaskLists
                0x0000000008005638       0x80 ./Middlewares/Third_Party/FreeRTOS/Source/tasks.o
 .text.prvCheckTasksWaitingTermination
                0x00000000080056b8       0x5c ./Middlewares/Third_Party/FreeRTOS/Source/tasks.o
 .text.prvDeleteTCB
                0x0000000008005714       0x68 ./Middlewares/Third_Party/FreeRTOS/Source/tasks.o
 .text.prvResetNextTaskUnblockTime
                0x000000000800577c       0x40 ./Middlewares/Third_Party/FreeRTOS/Source/tasks.o
 .text.prvAddCurrentTaskToDelayedList
                0x00000000080057bc       0xcc ./Middlewares/Third_Party/FreeRTOS/Source/tasks.o
 .text.pxPortInitialiseStack
                0x0000000008005888       0x68 ./Middlewares/Third_Party/FreeRTOS/Source/portable/GCC/ARM_CM4F/port.o
                0x0000000008005888                pxPortInitialiseStack
 .text.prvTaskExitError
                0x00000000080058f0       0x58 ./Middlewares/Third_Party/FreeRTOS/Source/portable/GCC/ARM_CM4F/port.o
 *fill*         0x0000000008005948        0x8 
 .text.SVC_Handler
                0x0000000008005950       0x28 ./Middlewares/Third_Party/FreeRTOS/Source/portable/GCC/ARM_CM4F/port.o
                0x0000000008005950                SVC_Handler
 .text.prvPortStartFirstTask
                0x0000000008005978       0x28 ./Middlewares/Third_Party/FreeRTOS/Source/portable/GCC/ARM_CM4F/port.o
 .text.xPortStartScheduler
                0x00000000080059a0      0x144 ./Middlewares/Third_Party/FreeRTOS/Source/portable/GCC/ARM_CM4F/port.o
                0x00000000080059a0                xPortStartScheduler
 .text.vPortEnterCritical
                0x0000000008005ae4       0x60 ./Middlewares/Third_Party/FreeRTOS/Source/portable/GCC/ARM_CM4F/port.o
                0x0000000008005ae4                vPortEnterCritical
 .text.vPortExitCritical
                0x0000000008005b44       0x54 ./Middlewares/Third_Party/FreeRTOS/Source/portable/GCC/ARM_CM4F/port.o
                0x0000000008005b44                vPortExitCritical
 *fill*         0x0000000008005b98        0x8 
 .text.PendSV_Handler
                0x0000000008005ba0       0x68 ./Middlewares/Third_Party/FreeRTOS/Source/portable/GCC/ARM_CM4F/port.o
                0x0000000008005ba0                PendSV_Handler
 .text.SysTick_Handler
                0x0000000008005c08       0x44 ./Middlewares/Third_Party/FreeRTOS/Source/portable/GCC/ARM_CM4F/port.o
                0x0000000008005c08                SysTick_Handler
 .text.vPortSetupTimerInterrupt
                0x0000000008005c4c       0x48 ./Middlewares/Third_Party/FreeRTOS/Source/portable/GCC/ARM_CM4F/port.o
                0x0000000008005c4c                vPortSetupTimerInterrupt
 .text.vPortEnableVFP
                0x0000000008005c94       0x14 ./Middlewares/Third_Party/FreeRTOS/Source/portable/GCC/ARM_CM4F/port.o
 .text.pvPortMalloc
                0x0000000008005ca8      0x198 ./Middlewares/Third_Party/FreeRTOS/Source/portable/MemMang/heap_4.o
                0x0000000008005ca8                pvPortMalloc
 .text.vPortFree
                0x0000000008005e40       0xc4 ./Middlewares/Third_Party/FreeRTOS/Source/portable/MemMang/heap_4.o
                0x0000000008005e40                vPortFree
 .text.prvHeapInit
                0x0000000008005f04       0xc4 ./Middlewares/Third_Party/FreeRTOS/Source/portable/MemMang/heap_4.o
 .text.prvInsertBlockIntoFreeList
                0x0000000008005fc8       0xb4 ./Middlewares/Third_Party/FreeRTOS/Source/portable/MemMang/heap_4.o
 .text.__libc_init_array
                0x000000000800607c       0x48 c:/st/stm32cubeide_1.7.0/stm32cubeide/plugins/com.st.stm32cube.ide.mcu.externaltools.gnu-tools-for-stm32.9-2020-q2-update.win32_2.0.0.202105311346/tools/bin/../lib/gcc/arm-none-eabi/9.3.1/../../../../arm-none-eabi/lib/thumb/v7e-m+fp/hard\libc_nano.a(lib_a-init.o)
                0x000000000800607c                __libc_init_array
 .text.__retarget_lock_acquire_recursive
                0x00000000080060c4        0x2 c:/st/stm32cubeide_1.7.0/stm32cubeide/plugins/com.st.stm32cube.ide.mcu.externaltools.gnu-tools-for-stm32.9-2020-q2-update.win32_2.0.0.202105311346/tools/bin/../lib/gcc/arm-none-eabi/9.3.1/../../../../arm-none-eabi/lib/thumb/v7e-m+fp/hard\libc_nano.a(lib_a-lock.o)
                0x00000000080060c4                __retarget_lock_acquire_recursive
 .text.__retarget_lock_release_recursive
                0x00000000080060c6        0x2 c:/st/stm32cubeide_1.7.0/stm32cubeide/plugins/com.st.stm32cube.ide.mcu.externaltools.gnu-tools-for-stm32.9-2020-q2-update.win32_2.0.0.202105311346/tools/bin/../lib/gcc/arm-none-eabi/9.3.1/../../../../arm-none-eabi/lib/thumb/v7e-m+fp/hard\libc_nano.a(lib_a-lock.o)
                0x00000000080060c6                __retarget_lock_release_recursive
 .text.memset   0x00000000080060c8       0x10 c:/st/stm32cubeide_1.7.0/stm32cubeide/plugins/com.st.stm32cube.ide.mcu.externaltools.gnu-tools-for-stm32.9-2020-q2-update.win32_2.0.0.202105311346/tools/bin/../lib/gcc/arm-none-eabi/9.3.1/../../../../arm-none-eabi/lib/thumb/v7e-m+fp/hard\libc_nano.a(lib_a-memset.o)
                0x00000000080060c8                memset
 .text.cleanup_glue
                0x00000000080060d8       0x1a c:/st/stm32cubeide_1.7.0/stm32cubeide/plugins/com.st.stm32cube.ide.mcu.externaltools.gnu-tools-for-stm32.9-2020-q2-update.win32_2.0.0.202105311346/tools/bin/../lib/gcc/arm-none-eabi/9.3.1/../../../../arm-none-eabi/lib/thumb/v7e-m+fp/hard\libc_nano.a(lib_a-reent.o)
                0x00000000080060d8                cleanup_glue
 *fill*         0x00000000080060f2        0x2 
 .text._reclaim_reent
                0x00000000080060f4       0xb8 c:/st/stm32cubeide_1.7.0/stm32cubeide/plugins/com.st.stm32cube.ide.mcu.externaltools.gnu-tools-for-stm32.9-2020-q2-update.win32_2.0.0.202105311346/tools/bin/../lib/gcc/arm-none-eabi/9.3.1/../../../../arm-none-eabi/lib/thumb/v7e-m+fp/hard\libc_nano.a(lib_a-reent.o)
                0x00000000080060f4                _reclaim_reent
 .text.__malloc_lock
                0x00000000080061ac        0xc c:/st/stm32cubeide_1.7.0/stm32cubeide/plugins/com.st.stm32cube.ide.mcu.externaltools.gnu-tools-for-stm32.9-2020-q2-update.win32_2.0.0.202105311346/tools/bin/../lib/gcc/arm-none-eabi/9.3.1/../../../../arm-none-eabi/lib/thumb/v7e-m+fp/hard\libc_nano.a(lib_a-mlock.o)
                0x00000000080061ac                __malloc_lock
 .text.__malloc_unlock
                0x00000000080061b8        0xc c:/st/stm32cubeide_1.7.0/stm32cubeide/plugins/com.st.stm32cube.ide.mcu.externaltools.gnu-tools-for-stm32.9-2020-q2-update.win32_2.0.0.202105311346/tools/bin/../lib/gcc/arm-none-eabi/9.3.1/../../../../arm-none-eabi/lib/thumb/v7e-m+fp/hard\libc_nano.a(lib_a-mlock.o)
                0x00000000080061b8                __malloc_unlock
 .text._free_r  0x00000000080061c4       0xa0 c:/st/stm32cubeide_1.7.0/stm32cubeide/plugins/com.st.stm32cube.ide.mcu.externaltools.gnu-tools-for-stm32.9-2020-q2-update.win32_2.0.0.202105311346/tools/bin/../lib/gcc/arm-none-eabi/9.3.1/../../../../arm-none-eabi/lib/thumb/v7e-m+fp/hard\libc_nano.a(lib_a-nano-freer.o)
                0x00000000080061c4                _free_r
 *(.glue_7)
 .glue_7        0x0000000008006264        0x0 linker stubs
 *(.glue_7t)
 .glue_7t       0x0000000008006264        0x0 linker stubs
 *(.eh_frame)
 .eh_frame      0x0000000008006264        0x0 c:/st/stm32cubeide_1.7.0/stm32cubeide/plugins/com.st.stm32cube.ide.mcu.externaltools.gnu-tools-for-stm32.9-2020-q2-update.win32_2.0.0.202105311346/tools/bin/../lib/gcc/arm-none-eabi/9.3.1/thumb/v7e-m+fp/hard/crtbegin.o
 *(.init)
 .init          0x0000000008006264        0x4 c:/st/stm32cubeide_1.7.0/stm32cubeide/plugins/com.st.stm32cube.ide.mcu.externaltools.gnu-tools-for-stm32.9-2020-q2-update.win32_2.0.0.202105311346/tools/bin/../lib/gcc/arm-none-eabi/9.3.1/thumb/v7e-m+fp/hard/crti.o
                0x0000000008006264                _init
 .init          0x0000000008006268        0x8 c:/st/stm32cubeide_1.7.0/stm32cubeide/plugins/com.st.stm32cube.ide.mcu.externaltools.gnu-tools-for-stm32.9-2020-q2-update.win32_2.0.0.202105311346/tools/bin/../lib/gcc/arm-none-eabi/9.3.1/thumb/v7e-m+fp/hard/crtn.o
 *(.fini)
 .fini          0x0000000008006270        0x4 c:/st/stm32cubeide_1.7.0/stm32cubeide/plugins/com.st.stm32cube.ide.mcu.externaltools.gnu-tools-for-stm32.9-2020-q2-update.win32_2.0.0.202105311346/tools/bin/../lib/gcc/arm-none-eabi/9.3.1/thumb/v7e-m+fp/hard/crti.o
                0x0000000008006270                _fini
 .fini          0x0000000008006274        0x8 c:/st/stm32cubeide_1.7.0/stm32cubeide/plugins/com.st.stm32cube.ide.mcu.externaltools.gnu-tools-for-stm32.9-2020-q2-update.win32_2.0.0.202105311346/tools/bin/../lib/gcc/arm-none-eabi/9.3.1/thumb/v7e-m+fp/hard/crtn.o
                0x000000000800627c                . = ALIGN (0x4)
                0x000000000800627c                _etext = .

.vfp11_veneer   0x000000000800627c        0x0
 .vfp11_veneer  0x000000000800627c        0x0 linker stubs

.v4_bx          0x000000000800627c        0x0
 .v4_bx         0x000000000800627c        0x0 linker stubs

.iplt           0x000000000800627c        0x0
 .iplt          0x000000000800627c        0x0 c:/st/stm32cubeide_1.7.0/stm32cubeide/plugins/com.st.stm32cube.ide.mcu.externaltools.gnu-tools-for-stm32.9-2020-q2-update.win32_2.0.0.202105311346/tools/bin/../lib/gcc/arm-none-eabi/9.3.1/thumb/v7e-m+fp/hard/crtbegin.o

.rodata         0x000000000800627c      0x100
                0x000000000800627c                . = ALIGN (0x4)
 *(.rodata)
 .rodata        0x000000000800627c       0x27 ./Core/Src/UserTask.o
 *fill*         0x00000000080062a3        0x1 
 .rodata        0x00000000080062a4       0x50 ./Core/Src/freertos.o
 .rodata        0x00000000080062f4        0x5 ./Middlewares/Third_Party/FreeRTOS/Source/tasks.o
 *(.rodata*)
 *fill*         0x00000000080062f9        0x3 
 .rodata.AHBPrescTable
                0x00000000080062fc       0x10 ./Core/Src/system_stm32f4xx.o
                0x00000000080062fc                AHBPrescTable
 .rodata.APBPrescTable
                0x000000000800630c        0x8 ./Core/Src/system_stm32f4xx.o
                0x000000000800630c                APBPrescTable
 .rodata.flagBitshiftOffset.9052
                0x0000000008006314        0x8 ./Drivers/STM32F4xx_HAL_Driver/Src/stm32f4xx_hal_dma.o
 .rodata.__sf_fake_stderr
                0x000000000800631c       0x20 c:/st/stm32cubeide_1.7.0/stm32cubeide/plugins/com.st.stm32cube.ide.mcu.externaltools.gnu-tools-for-stm32.9-2020-q2-update.win32_2.0.0.202105311346/tools/bin/../lib/gcc/arm-none-eabi/9.3.1/../../../../arm-none-eabi/lib/thumb/v7e-m+fp/hard\libc_nano.a(lib_a-findfp.o)
                0x000000000800631c                __sf_fake_stderr
 .rodata.__sf_fake_stdin
                0x000000000800633c       0x20 c:/st/stm32cubeide_1.7.0/stm32cubeide/plugins/com.st.stm32cube.ide.mcu.externaltools.gnu-tools-for-stm32.9-2020-q2-update.win32_2.0.0.202105311346/tools/bin/../lib/gcc/arm-none-eabi/9.3.1/../../../../arm-none-eabi/lib/thumb/v7e-m+fp/hard\libc_nano.a(lib_a-findfp.o)
                0x000000000800633c                __sf_fake_stdin
 .rodata.__sf_fake_stdout
                0x000000000800635c       0x20 c:/st/stm32cubeide_1.7.0/stm32cubeide/plugins/com.st.stm32cube.ide.mcu.externaltools.gnu-tools-for-stm32.9-2020-q2-update.win32_2.0.0.202105311346/tools/bin/../lib/gcc/arm-none-eabi/9.3.1/../../../../arm-none-eabi/lib/thumb/v7e-m+fp/hard\libc_nano.a(lib_a-findfp.o)
                0x000000000800635c                __sf_fake_stdout
                0x000000000800637c                . = ALIGN (0x4)

.ARM.extab      0x000000000800637c        0x0
                0x000000000800637c                . = ALIGN (0x4)
 *(.ARM.extab* .gnu.linkonce.armextab.*)
                0x000000000800637c                . = ALIGN (0x4)

.ARM            0x000000000800637c        0x8
                0x000000000800637c                . = ALIGN (0x4)
                0x000000000800637c                __exidx_start = .
 *(.ARM.exidx*)
 .ARM.exidx     0x000000000800637c        0x8 c:/st/stm32cubeide_1.7.0/stm32cubeide/plugins/com.st.stm32cube.ide.mcu.externaltools.gnu-tools-for-stm32.9-2020-q2-update.win32_2.0.0.202105311346/tools/bin/../lib/gcc/arm-none-eabi/9.3.1/thumb/v7e-m+fp/hard\libgcc.a(_udivmoddi4.o)
                0x0000000008006384                __exidx_end = .
                0x0000000008006384                . = ALIGN (0x4)

.rel.dyn        0x0000000008006384        0x0
 .rel.iplt      0x0000000008006384        0x0 c:/st/stm32cubeide_1.7.0/stm32cubeide/plugins/com.st.stm32cube.ide.mcu.externaltools.gnu-tools-for-stm32.9-2020-q2-update.win32_2.0.0.202105311346/tools/bin/../lib/gcc/arm-none-eabi/9.3.1/thumb/v7e-m+fp/hard/crtbegin.o

.preinit_array  0x0000000008006384        0x0
                0x0000000008006384                . = ALIGN (0x4)
                0x0000000008006384                PROVIDE (__preinit_array_start = .)
 *(.preinit_array*)
                0x0000000008006384                PROVIDE (__preinit_array_end = .)
                0x0000000008006384                . = ALIGN (0x4)

.init_array     0x0000000008006384        0x4
                0x0000000008006384                . = ALIGN (0x4)
                0x0000000008006384                PROVIDE (__init_array_start = .)
 *(SORT_BY_NAME(.init_array.*))
 *(.init_array*)
 .init_array    0x0000000008006384        0x4 c:/st/stm32cubeide_1.7.0/stm32cubeide/plugins/com.st.stm32cube.ide.mcu.externaltools.gnu-tools-for-stm32.9-2020-q2-update.win32_2.0.0.202105311346/tools/bin/../lib/gcc/arm-none-eabi/9.3.1/thumb/v7e-m+fp/hard/crtbegin.o
                0x0000000008006388                PROVIDE (__init_array_end = .)
                0x0000000008006388                . = ALIGN (0x4)

.fini_array     0x0000000008006388        0x4
                0x0000000008006388                . = ALIGN (0x4)
                [!provide]                        PROVIDE (__fini_array_start = .)
 *(SORT_BY_NAME(.fini_array.*))
 *(.fini_array*)
 .fini_array    0x0000000008006388        0x4 c:/st/stm32cubeide_1.7.0/stm32cubeide/plugins/com.st.stm32cube.ide.mcu.externaltools.gnu-tools-for-stm32.9-2020-q2-update.win32_2.0.0.202105311346/tools/bin/../lib/gcc/arm-none-eabi/9.3.1/thumb/v7e-m+fp/hard/crtbegin.o
                [!provide]                        PROVIDE (__fini_array_end = .)
                0x000000000800638c                . = ALIGN (0x4)
                0x000000000800638c                _sidata = LOADADDR (.data)

.data           0x0000000020000000       0x74 load address 0x000000000800638c
                0x0000000020000000                . = ALIGN (0x4)
                0x0000000020000000                _sdata = .
 *(.data)
 *(.data*)
 .data.SystemCoreClock
                0x0000000020000000        0x4 ./Core/Src/system_stm32f4xx.o
                0x0000000020000000                SystemCoreClock
 .data.uwTickPrio
                0x0000000020000004        0x4 ./Drivers/STM32F4xx_HAL_Driver/Src/stm32f4xx_hal.o
                0x0000000020000004                uwTickPrio
 .data.uwTickFreq
                0x0000000020000008        0x1 ./Drivers/STM32F4xx_HAL_Driver/Src/stm32f4xx_hal.o
                0x0000000020000008                uwTickFreq
 *fill*         0x0000000020000009        0x3 
 .data.uxCriticalNesting
                0x000000002000000c        0x4 ./Middlewares/Third_Party/FreeRTOS/Source/portable/GCC/ARM_CM4F/port.o
 .data._impure_ptr
                0x0000000020000010        0x4 c:/st/stm32cubeide_1.7.0/stm32cubeide/plugins/com.st.stm32cube.ide.mcu.externaltools.gnu-tools-for-stm32.9-2020-q2-update.win32_2.0.0.202105311346/tools/bin/../lib/gcc/arm-none-eabi/9.3.1/../../../../arm-none-eabi/lib/thumb/v7e-m+fp/hard\libc_nano.a(lib_a-impure.o)
                0x0000000020000010                _impure_ptr
 .data.impure_data
                0x0000000020000014       0x60 c:/st/stm32cubeide_1.7.0/stm32cubeide/plugins/com.st.stm32cube.ide.mcu.externaltools.gnu-tools-for-stm32.9-2020-q2-update.win32_2.0.0.202105311346/tools/bin/../lib/gcc/arm-none-eabi/9.3.1/../../../../arm-none-eabi/lib/thumb/v7e-m+fp/hard\libc_nano.a(lib_a-impure.o)
 *(.RamFunc)
 *(.RamFunc*)
                0x0000000020000074                . = ALIGN (0x4)
                0x0000000020000074                _edata = .
                0x0000000008006400                _siccmram = LOADADDR (.ccmram)

.igot.plt       0x0000000020000074        0x0 load address 0x0000000008006400
 .igot.plt      0x0000000020000074        0x0 c:/st/stm32cubeide_1.7.0/stm32cubeide/plugins/com.st.stm32cube.ide.mcu.externaltools.gnu-tools-for-stm32.9-2020-q2-update.win32_2.0.0.202105311346/tools/bin/../lib/gcc/arm-none-eabi/9.3.1/thumb/v7e-m+fp/hard/crtbegin.o

.ccmram         0x0000000010000000        0x0 load address 0x0000000008006400
                0x0000000010000000                . = ALIGN (0x4)
                0x0000000010000000                _sccmram = .
 *(.ccmram)
 *(.ccmram*)
                0x0000000010000000                . = ALIGN (0x4)
                0x0000000010000000                _eccmram = .
                0x0000000010000000                . = ALIGN (0x4)

.bss            0x0000000020000074     0x4694
                0x0000000020000074                _sbss = .
                0x0000000020000074                __bss_start__ = _sbss
 *(.bss)
 .bss           0x0000000020000074       0x1c c:/st/stm32cubeide_1.7.0/stm32cubeide/plugins/com.st.stm32cube.ide.mcu.externaltools.gnu-tools-for-stm32.9-2020-q2-update.win32_2.0.0.202105311346/tools/bin/../lib/gcc/arm-none-eabi/9.3.1/thumb/v7e-m+fp/hard/crtbegin.o
 *(.bss*)
 .bss.u32_SevenHundredMillisecondLoop
                0x0000000020000090        0x4 ./Core/Src/UserTask.o
                0x0000000020000090                u32_SevenHundredMillisecondLoop
 .bss.u32_HundredMilliSecondLoop_ms
                0x0000000020000094        0x4 ./Core/Src/UserTask.o
                0x0000000020000094                u32_HundredMilliSecondLoop_ms
 .bss.u32_SecondLoop_ms
                0x0000000020000098        0x4 ./Core/Src/UserTask.o
                0x0000000020000098                u32_SecondLoop_ms
 .bss.xIdleTaskTCBBuffer
                0x000000002000009c       0xb4 ./Core/Src/freertos.o
 .bss.xIdleStack
                0x0000000020000150      0x200 ./Core/Src/freertos.o
 .bss.pxCurrentTCB
                0x0000000020000350        0x4 ./Middlewares/Third_Party/FreeRTOS/Source/tasks.o
                0x0000000020000350                pxCurrentTCB
 .bss.pxReadyTasksLists
                0x0000000020000354       0x8c ./Middlewares/Third_Party/FreeRTOS/Source/tasks.o
 .bss.xDelayedTaskList1
                0x00000000200003e0       0x14 ./Middlewares/Third_Party/FreeRTOS/Source/tasks.o
 .bss.xDelayedTaskList2
                0x00000000200003f4       0x14 ./Middlewares/Third_Party/FreeRTOS/Source/tasks.o
 .bss.pxDelayedTaskList
                0x0000000020000408        0x4 ./Middlewares/Third_Party/FreeRTOS/Source/tasks.o
 .bss.pxOverflowDelayedTaskList
                0x000000002000040c        0x4 ./Middlewares/Third_Party/FreeRTOS/Source/tasks.o
 .bss.xPendingReadyList
                0x0000000020000410       0x14 ./Middlewares/Third_Party/FreeRTOS/Source/tasks.o
 .bss.xTasksWaitingTermination
                0x0000000020000424       0x14 ./Middlewares/Third_Party/FreeRTOS/Source/tasks.o
 .bss.uxDeletedTasksWaitingCleanUp
                0x0000000020000438        0x4 ./Middlewares/Third_Party/FreeRTOS/Source/tasks.o
 .bss.xSuspendedTaskList
                0x000000002000043c       0x14 ./Middlewares/Third_Party/FreeRTOS/Source/tasks.o
 .bss.uxCurrentNumberOfTasks
                0x0000000020000450        0x4 ./Middlewares/Third_Party/FreeRTOS/Source/tasks.o
 .bss.xTickCount
                0x0000000020000454        0x4 ./Middlewares/Third_Party/FreeRTOS/Source/tasks.o
 .bss.uxTopReadyPriority
                0x0000000020000458        0x4 ./Middlewares/Third_Party/FreeRTOS/Source/tasks.o
 .bss.xSchedulerRunning
                0x000000002000045c        0x4 ./Middlewares/Third_Party/FreeRTOS/Source/tasks.o
 .bss.xPendedTicks
                0x0000000020000460        0x4 ./Middlewares/Third_Party/FreeRTOS/Source/tasks.o
 .bss.xYieldPending
                0x0000000020000464        0x4 ./Middlewares/Third_Party/FreeRTOS/Source/tasks.o
 .bss.xNumOfOverflows
                0x0000000020000468        0x4 ./Middlewares/Third_Party/FreeRTOS/Source/tasks.o
 .bss.uxTaskNumber
                0x000000002000046c        0x4 ./Middlewares/Third_Party/FreeRTOS/Source/tasks.o
 .bss.xNextTaskUnblockTime
                0x0000000020000470        0x4 ./Middlewares/Third_Party/FreeRTOS/Source/tasks.o
 .bss.xIdleTaskHandle
                0x0000000020000474        0x4 ./Middlewares/Third_Party/FreeRTOS/Source/tasks.o
 .bss.uxSchedulerSuspended
                0x0000000020000478        0x4 ./Middlewares/Third_Party/FreeRTOS/Source/tasks.o
 .bss.ucMaxSysCallPriority
                0x000000002000047c        0x1 ./Middlewares/Third_Party/FreeRTOS/Source/portable/GCC/ARM_CM4F/port.o
 *fill*         0x000000002000047d        0x3 
 .bss.ulMaxPRIGROUPValue
                0x0000000020000480        0x4 ./Middlewares/Third_Party/FreeRTOS/Source/portable/GCC/ARM_CM4F/port.o
 .bss.ucHeap    0x0000000020000484     0x3c00 ./Middlewares/Third_Party/FreeRTOS/Source/portable/MemMang/heap_4.o
 .bss.xStart    0x0000000020004084        0x8 ./Middlewares/Third_Party/FreeRTOS/Source/portable/MemMang/heap_4.o
 .bss.pxEnd     0x000000002000408c        0x4 ./Middlewares/Third_Party/FreeRTOS/Source/portable/MemMang/heap_4.o
 .bss.xFreeBytesRemaining
                0x0000000020004090        0x4 ./Middlewares/Third_Party/FreeRTOS/Source/portable/MemMang/heap_4.o
 .bss.xMinimumEverFreeBytesRemaining
                0x0000000020004094        0x4 ./Middlewares/Third_Party/FreeRTOS/Source/portable/MemMang/heap_4.o
 .bss.xNumberOfSuccessfulAllocations
                0x0000000020004098        0x4 ./Middlewares/Third_Party/FreeRTOS/Source/portable/MemMang/heap_4.o
 .bss.xNumberOfSuccessfulFrees
                0x000000002000409c        0x4 ./Middlewares/Third_Party/FreeRTOS/Source/portable/MemMang/heap_4.o
 .bss.xBlockAllocatedBit
                0x00000000200040a0        0x4 ./Middlewares/Third_Party/FreeRTOS/Source/portable/MemMang/heap_4.o
 .bss.__malloc_free_list
                0x00000000200040a4        0x4 c:/st/stm32cubeide_1.7.0/stm32cubeide/plugins/com.st.stm32cube.ide.mcu.externaltools.gnu-tools-for-stm32.9-2020-q2-update.win32_2.0.0.202105311346/tools/bin/../lib/gcc/arm-none-eabi/9.3.1/../../../../arm-none-eabi/lib/thumb/v7e-m+fp/hard\libc_nano.a(lib_a-nano-mallocr.o)
                0x00000000200040a4                __malloc_free_list
 *(COMMON)
 COMMON         0x00000000200040a8       0xff ./Core/Src/UserTask.o
                0x00000000200040a8                uart_rx_buf
 *fill*         0x00000000200041a7        0x1 
 COMMON         0x00000000200041a8        0x8 ./Core/Src/freertos.o
                0x00000000200041a8                defaultTaskHandle
                0x00000000200041ac                userTaskHandle
 COMMON         0x00000000200041b0       0x54 ./Core/Src/i2c.o
                0x00000000200041b0                hi2c1
 COMMON         0x0000000020004204       0x48 ./Core/Src/stm32f4xx_hal_timebase_tim.o
                0x0000000020004204                htim14
 COMMON         0x000000002000424c       0xa4 ./Core/Src/usart.o
                0x000000002000424c                hdma_usart3_rx
                0x00000000200042ac                huart3
 COMMON         0x00000000200042f0      0x408 ./Core/Src/usb_otg.o
                0x00000000200042f0                hpcd_USB_OTG_FS
 COMMON         0x00000000200046f8        0x4 ./Drivers/STM32F4xx_HAL_Driver/Src/stm32f4xx_hal.o
                0x00000000200046f8                uwTick
 COMMON         0x00000000200046fc        0x9 c:/st/stm32cubeide_1.7.0/stm32cubeide/plugins/com.st.stm32cube.ide.mcu.externaltools.gnu-tools-for-stm32.9-2020-q2-update.win32_2.0.0.202105311346/tools/bin/../lib/gcc/arm-none-eabi/9.3.1/../../../../arm-none-eabi/lib/thumb/v7e-m+fp/hard\libc_nano.a(lib_a-lock.o)
                0x00000000200046fc                __lock___atexit_recursive_mutex
                0x00000000200046fd                __lock___arc4random_mutex
                0x00000000200046fe                __lock___env_recursive_mutex
                0x00000000200046ff                __lock___sinit_recursive_mutex
                0x0000000020004700                __lock___malloc_recursive_mutex
                0x0000000020004701                __lock___at_quick_exit_mutex
                0x0000000020004702                __lock___dd_hash_mutex
                0x0000000020004703                __lock___tz_mutex
                0x0000000020004704                __lock___sfp_recursive_mutex
                0x0000000020004708                . = ALIGN (0x4)
 *fill*         0x0000000020004705        0x3 
                0x0000000020004708                _ebss = .
                0x0000000020004708                __bss_end__ = _ebss

._user_heap_stack
                0x0000000020004708      0x600
                0x0000000020004708                . = ALIGN (0x8)
                [!provide]                        PROVIDE (end = .)
                0x0000000020004708                PROVIDE (_end = .)
                0x0000000020004908                . = (. + _Min_Heap_Size)
 *fill*         0x0000000020004708      0x200 
                0x0000000020004d08                . = (. + _Min_Stack_Size)
 *fill*         0x0000000020004908      0x400 
                0x0000000020004d08                . = ALIGN (0x8)

/DISCARD/
 libc.a(*)
 libm.a(*)
 libgcc.a(*)

.ARM.attributes
                0x0000000000000000       0x30
 *(.ARM.attributes)
 .ARM.attributes
                0x0000000000000000       0x1e c:/st/stm32cubeide_1.7.0/stm32cubeide/plugins/com.st.stm32cube.ide.mcu.externaltools.gnu-tools-for-stm32.9-2020-q2-update.win32_2.0.0.202105311346/tools/bin/../lib/gcc/arm-none-eabi/9.3.1/thumb/v7e-m+fp/hard/crti.o
 .ARM.attributes
                0x000000000000001e       0x34 c:/st/stm32cubeide_1.7.0/stm32cubeide/plugins/com.st.stm32cube.ide.mcu.externaltools.gnu-tools-for-stm32.9-2020-q2-update.win32_2.0.0.202105311346/tools/bin/../lib/gcc/arm-none-eabi/9.3.1/thumb/v7e-m+fp/hard/crtbegin.o
 .ARM.attributes
                0x0000000000000052       0x34 ./Core/Src/UserTask.o
 .ARM.attributes
                0x0000000000000086       0x34 ./Core/Src/dma.o
 .ARM.attributes
                0x00000000000000ba       0x34 ./Core/Src/freertos.o
 .ARM.attributes
                0x00000000000000ee       0x34 ./Core/Src/gpio.o
 .ARM.attributes
                0x0000000000000122       0x34 ./Core/Src/i2c.o
 .ARM.attributes
                0x0000000000000156       0x34 ./Core/Src/main.o
 .ARM.attributes
                0x000000000000018a       0x34 ./Core/Src/stm32f4xx_hal_msp.o
 .ARM.attributes
                0x00000000000001be       0x34 ./Core/Src/stm32f4xx_hal_timebase_tim.o
 .ARM.attributes
                0x00000000000001f2       0x34 ./Core/Src/stm32f4xx_it.o
 .ARM.attributes
                0x0000000000000226       0x34 ./Core/Src/system_stm32f4xx.o
 .ARM.attributes
                0x000000000000025a       0x34 ./Core/Src/usart.o
 .ARM.attributes
                0x000000000000028e       0x34 ./Core/Src/usb_otg.o
 .ARM.attributes
                0x00000000000002c2       0x21 ./Core/Startup/startup_stm32f429zitx.o
 .ARM.attributes
                0x00000000000002e3       0x34 ./Drivers/STM32F4xx_HAL_Driver/Src/stm32f4xx_hal.o
 .ARM.attributes
                0x0000000000000317       0x34 ./Drivers/STM32F4xx_HAL_Driver/Src/stm32f4xx_hal_cortex.o
 .ARM.attributes
                0x000000000000034b       0x34 ./Drivers/STM32F4xx_HAL_Driver/Src/stm32f4xx_hal_dma.o
 .ARM.attributes
                0x000000000000037f       0x34 ./Drivers/STM32F4xx_HAL_Driver/Src/stm32f4xx_hal_gpio.o
 .ARM.attributes
                0x00000000000003b3       0x34 ./Drivers/STM32F4xx_HAL_Driver/Src/stm32f4xx_hal_i2c.o
 .ARM.attributes
                0x00000000000003e7       0x34 ./Drivers/STM32F4xx_HAL_Driver/Src/stm32f4xx_hal_i2c_ex.o
 .ARM.attributes
                0x000000000000041b       0x34 ./Drivers/STM32F4xx_HAL_Driver/Src/stm32f4xx_hal_pcd.o
 .ARM.attributes
                0x000000000000044f       0x34 ./Drivers/STM32F4xx_HAL_Driver/Src/stm32f4xx_hal_rcc.o
 .ARM.attributes
                0x0000000000000483       0x34 ./Drivers/STM32F4xx_HAL_Driver/Src/stm32f4xx_hal_tim.o
 .ARM.attributes
                0x00000000000004b7       0x34 ./Drivers/STM32F4xx_HAL_Driver/Src/stm32f4xx_hal_tim_ex.o
 .ARM.attributes
                0x00000000000004eb       0x34 ./Drivers/STM32F4xx_HAL_Driver/Src/stm32f4xx_hal_uart.o
 .ARM.attributes
                0x000000000000051f       0x34 ./Drivers/STM32F4xx_HAL_Driver/Src/stm32f4xx_ll_usb.o
 .ARM.attributes
                0x0000000000000553       0x34 ./Middlewares/Third_Party/FreeRTOS/Source/CMSIS_RTOS/cmsis_os.o
 .ARM.attributes
                0x0000000000000587       0x34 ./Middlewares/Third_Party/FreeRTOS/Source/list.o
 .ARM.attributes
                0x00000000000005bb       0x34 ./Middlewares/Third_Party/FreeRTOS/Source/tasks.o
 .ARM.attributes
                0x00000000000005ef       0x34 ./Middlewares/Third_Party/FreeRTOS/Source/portable/GCC/ARM_CM4F/port.o
 .ARM.attributes
                0x0000000000000623       0x34 ./Middlewares/Third_Party/FreeRTOS/Source/portable/MemMang/heap_4.o
 .ARM.attributes
                0x0000000000000657       0x34 c:/st/stm32cubeide_1.7.0/stm32cubeide/plugins/com.st.stm32cube.ide.mcu.externaltools.gnu-tools-for-stm32.9-2020-q2-update.win32_2.0.0.202105311346/tools/bin/../lib/gcc/arm-none-eabi/9.3.1/../../../../arm-none-eabi/lib/thumb/v7e-m+fp/hard\libc_nano.a(lib_a-findfp.o)
 .ARM.attributes
                0x000000000000068b       0x32 c:/st/stm32cubeide_1.7.0/stm32cubeide/plugins/com.st.stm32cube.ide.mcu.externaltools.gnu-tools-for-stm32.9-2020-q2-update.win32_2.0.0.202105311346/tools/bin/../lib/gcc/arm-none-eabi/9.3.1/../../../../arm-none-eabi/lib/thumb/v7e-m+fp/hard\libc_nano.a(lib_a-impure.o)
 .ARM.attributes
                0x00000000000006bd       0x34 c:/st/stm32cubeide_1.7.0/stm32cubeide/plugins/com.st.stm32cube.ide.mcu.externaltools.gnu-tools-for-stm32.9-2020-q2-update.win32_2.0.0.202105311346/tools/bin/../lib/gcc/arm-none-eabi/9.3.1/../../../../arm-none-eabi/lib/thumb/v7e-m+fp/hard\libc_nano.a(lib_a-init.o)
 .ARM.attributes
                0x00000000000006f1       0x34 c:/st/stm32cubeide_1.7.0/stm32cubeide/plugins/com.st.stm32cube.ide.mcu.externaltools.gnu-tools-for-stm32.9-2020-q2-update.win32_2.0.0.202105311346/tools/bin/../lib/gcc/arm-none-eabi/9.3.1/../../../../arm-none-eabi/lib/thumb/v7e-m+fp/hard\libc_nano.a(lib_a-lock.o)
 .ARM.attributes
                0x0000000000000725       0x34 c:/st/stm32cubeide_1.7.0/stm32cubeide/plugins/com.st.stm32cube.ide.mcu.externaltools.gnu-tools-for-stm32.9-2020-q2-update.win32_2.0.0.202105311346/tools/bin/../lib/gcc/arm-none-eabi/9.3.1/../../../../arm-none-eabi/lib/thumb/v7e-m+fp/hard\libc_nano.a(lib_a-memset.o)
 .ARM.attributes
                0x0000000000000759       0x34 c:/st/stm32cubeide_1.7.0/stm32cubeide/plugins/com.st.stm32cube.ide.mcu.externaltools.gnu-tools-for-stm32.9-2020-q2-update.win32_2.0.0.202105311346/tools/bin/../lib/gcc/arm-none-eabi/9.3.1/../../../../arm-none-eabi/lib/thumb/v7e-m+fp/hard\libc_nano.a(lib_a-nano-mallocr.o)
 .ARM.attributes
                0x000000000000078d       0x34 c:/st/stm32cubeide_1.7.0/stm32cubeide/plugins/com.st.stm32cube.ide.mcu.externaltools.gnu-tools-for-stm32.9-2020-q2-update.win32_2.0.0.202105311346/tools/bin/../lib/gcc/arm-none-eabi/9.3.1/../../../../arm-none-eabi/lib/thumb/v7e-m+fp/hard\libc_nano.a(lib_a-reent.o)
 .ARM.attributes
                0x00000000000007c1       0x34 c:/st/stm32cubeide_1.7.0/stm32cubeide/plugins/com.st.stm32cube.ide.mcu.externaltools.gnu-tools-for-stm32.9-2020-q2-update.win32_2.0.0.202105311346/tools/bin/../lib/gcc/arm-none-eabi/9.3.1/../../../../arm-none-eabi/lib/thumb/v7e-m+fp/hard\libc_nano.a(lib_a-mlock.o)
 .ARM.attributes
                0x00000000000007f5       0x34 c:/st/stm32cubeide_1.7.0/stm32cubeide/plugins/com.st.stm32cube.ide.mcu.externaltools.gnu-tools-for-stm32.9-2020-q2-update.win32_2.0.0.202105311346/tools/bin/../lib/gcc/arm-none-eabi/9.3.1/../../../../arm-none-eabi/lib/thumb/v7e-m+fp/hard\libc_nano.a(lib_a-nano-freer.o)
 .ARM.attributes
                0x0000000000000829       0x1e c:/st/stm32cubeide_1.7.0/stm32cubeide/plugins/com.st.stm32cube.ide.mcu.externaltools.gnu-tools-for-stm32.9-2020-q2-update.win32_2.0.0.202105311346/tools/bin/../lib/gcc/arm-none-eabi/9.3.1/thumb/v7e-m+fp/hard\libgcc.a(_aeabi_uldivmod.o)
 .ARM.attributes
                0x0000000000000847       0x34 c:/st/stm32cubeide_1.7.0/stm32cubeide/plugins/com.st.stm32cube.ide.mcu.externaltools.gnu-tools-for-stm32.9-2020-q2-update.win32_2.0.0.202105311346/tools/bin/../lib/gcc/arm-none-eabi/9.3.1/thumb/v7e-m+fp/hard\libgcc.a(_udivmoddi4.o)
 .ARM.attributes
                0x000000000000087b       0x1e c:/st/stm32cubeide_1.7.0/stm32cubeide/plugins/com.st.stm32cube.ide.mcu.externaltools.gnu-tools-for-stm32.9-2020-q2-update.win32_2.0.0.202105311346/tools/bin/../lib/gcc/arm-none-eabi/9.3.1/thumb/v7e-m+fp/hard\libgcc.a(_dvmd_tls.o)
 .ARM.attributes
                0x0000000000000899       0x1e c:/st/stm32cubeide_1.7.0/stm32cubeide/plugins/com.st.stm32cube.ide.mcu.externaltools.gnu-tools-for-stm32.9-2020-q2-update.win32_2.0.0.202105311346/tools/bin/../lib/gcc/arm-none-eabi/9.3.1/thumb/v7e-m+fp/hard/crtn.o
OUTPUT(SatelliteF429.elf elf32-littlearm)
LOAD linker stubs
LOAD c:/st/stm32cubeide_1.7.0/stm32cubeide/plugins/com.st.stm32cube.ide.mcu.externaltools.gnu-tools-for-stm32.9-2020-q2-update.win32_2.0.0.202105311346/tools/bin/../lib/gcc/arm-none-eabi/9.3.1/../../../../arm-none-eabi/lib/thumb/v7e-m+fp/hard\libc.a
LOAD c:/st/stm32cubeide_1.7.0/stm32cubeide/plugins/com.st.stm32cube.ide.mcu.externaltools.gnu-tools-for-stm32.9-2020-q2-update.win32_2.0.0.202105311346/tools/bin/../lib/gcc/arm-none-eabi/9.3.1/../../../../arm-none-eabi/lib/thumb/v7e-m+fp/hard\libm.a
LOAD c:/st/stm32cubeide_1.7.0/stm32cubeide/plugins/com.st.stm32cube.ide.mcu.externaltools.gnu-tools-for-stm32.9-2020-q2-update.win32_2.0.0.202105311346/tools/bin/../lib/gcc/arm-none-eabi/9.3.1/thumb/v7e-m+fp/hard\libgcc.a

.debug_info     0x0000000000000000    0x20373
 .debug_info    0x0000000000000000     0x1092 ./Core/Src/UserTask.o
 .debug_info    0x0000000000001092      0x5ee ./Core/Src/dma.o
 .debug_info    0x0000000000001680     0x1332 ./Core/Src/freertos.o
 .debug_info    0x00000000000029b2      0x568 ./Core/Src/gpio.o
 .debug_info    0x0000000000002f1a      0xaa7 ./Core/Src/i2c.o
 .debug_info    0x00000000000039c1     0x1ea1 ./Core/Src/main.o
 .debug_info    0x0000000000005862      0x60b ./Core/Src/stm32f4xx_hal_msp.o
 .debug_info    0x0000000000005e6d      0xcbe ./Core/Src/stm32f4xx_hal_timebase_tim.o
 .debug_info    0x0000000000006b2b      0xb1d ./Core/Src/stm32f4xx_it.o
 .debug_info    0x0000000000007648      0x5c0 ./Core/Src/system_stm32f4xx.o
 .debug_info    0x0000000000007c08      0xc95 ./Core/Src/usart.o
 .debug_info    0x000000000000889d      0x9f9 ./Core/Src/usb_otg.o
 .debug_info    0x0000000000009296       0x22 ./Core/Startup/startup_stm32f429zitx.o
 .debug_info    0x00000000000092b8      0xa2a ./Drivers/STM32F4xx_HAL_Driver/Src/stm32f4xx_hal.o
 .debug_info    0x0000000000009ce2      0xf0d ./Drivers/STM32F4xx_HAL_Driver/Src/stm32f4xx_hal_cortex.o
 .debug_info    0x000000000000abef      0x9f1 ./Drivers/STM32F4xx_HAL_Driver/Src/stm32f4xx_hal_dma.o
 .debug_info    0x000000000000b5e0      0x85a ./Drivers/STM32F4xx_HAL_Driver/Src/stm32f4xx_hal_gpio.o
 .debug_info    0x000000000000be3a     0x265b ./Drivers/STM32F4xx_HAL_Driver/Src/stm32f4xx_hal_i2c.o
 .debug_info    0x000000000000e495      0x78a ./Drivers/STM32F4xx_HAL_Driver/Src/stm32f4xx_hal_i2c_ex.o
 .debug_info    0x000000000000ec1f     0x12dd ./Drivers/STM32F4xx_HAL_Driver/Src/stm32f4xx_hal_pcd.o
 .debug_info    0x000000000000fefc      0x9b2 ./Drivers/STM32F4xx_HAL_Driver/Src/stm32f4xx_hal_rcc.o
 .debug_info    0x00000000000108ae     0x2c22 ./Drivers/STM32F4xx_HAL_Driver/Src/stm32f4xx_hal_tim.o
 .debug_info    0x00000000000134d0     0x15a2 ./Drivers/STM32F4xx_HAL_Driver/Src/stm32f4xx_hal_tim_ex.o
 .debug_info    0x0000000000014a72     0x31de ./Drivers/STM32F4xx_HAL_Driver/Src/stm32f4xx_hal_uart.o
 .debug_info    0x0000000000017c50     0x1ab4 ./Drivers/STM32F4xx_HAL_Driver/Src/stm32f4xx_ll_usb.o
 .debug_info    0x0000000000019704     0x2048 ./Middlewares/Third_Party/FreeRTOS/Source/CMSIS_RTOS/cmsis_os.o
 .debug_info    0x000000000001b74c      0xb82 ./Middlewares/Third_Party/FreeRTOS/Source/list.o
 .debug_info    0x000000000001c2ce     0x2591 ./Middlewares/Third_Party/FreeRTOS/Source/tasks.o
 .debug_info    0x000000000001e85f      0xd8a ./Middlewares/Third_Party/FreeRTOS/Source/portable/GCC/ARM_CM4F/port.o
 .debug_info    0x000000000001f5e9      0xd8a ./Middlewares/Third_Party/FreeRTOS/Source/portable/MemMang/heap_4.o

.debug_abbrev   0x0000000000000000     0x4063
 .debug_abbrev  0x0000000000000000      0x20b ./Core/Src/UserTask.o
 .debug_abbrev  0x000000000000020b      0x11b ./Core/Src/dma.o
 .debug_abbrev  0x0000000000000326      0x227 ./Core/Src/freertos.o
 .debug_abbrev  0x000000000000054d      0x14e ./Core/Src/gpio.o
 .debug_abbrev  0x000000000000069b      0x1bb ./Core/Src/i2c.o
 .debug_abbrev  0x0000000000000856      0x291 ./Core/Src/main.o
 .debug_abbrev  0x0000000000000ae7      0x126 ./Core/Src/stm32f4xx_hal_msp.o
 .debug_abbrev  0x0000000000000c0d      0x1bf ./Core/Src/stm32f4xx_hal_timebase_tim.o
 .debug_abbrev  0x0000000000000dcc      0x176 ./Core/Src/stm32f4xx_it.o
 .debug_abbrev  0x0000000000000f42      0x145 ./Core/Src/system_stm32f4xx.o
 .debug_abbrev  0x0000000000001087      0x1c4 ./Core/Src/usart.o
 .debug_abbrev  0x000000000000124b      0x1da ./Core/Src/usb_otg.o
 .debug_abbrev  0x0000000000001425       0x12 ./Core/Startup/startup_stm32f429zitx.o
 .debug_abbrev  0x0000000000001437      0x1ed ./Drivers/STM32F4xx_HAL_Driver/Src/stm32f4xx_hal.o
 .debug_abbrev  0x0000000000001624      0x33c ./Drivers/STM32F4xx_HAL_Driver/Src/stm32f4xx_hal_cortex.o
 .debug_abbrev  0x0000000000001960      0x259 ./Drivers/STM32F4xx_HAL_Driver/Src/stm32f4xx_hal_dma.o
 .debug_abbrev  0x0000000000001bb9      0x1f1 ./Drivers/STM32F4xx_HAL_Driver/Src/stm32f4xx_hal_gpio.o
 .debug_abbrev  0x0000000000001daa      0x282 ./Drivers/STM32F4xx_HAL_Driver/Src/stm32f4xx_hal_i2c.o
 .debug_abbrev  0x000000000000202c      0x18b ./Drivers/STM32F4xx_HAL_Driver/Src/stm32f4xx_hal_i2c_ex.o
 .debug_abbrev  0x00000000000021b7      0x2a0 ./Drivers/STM32F4xx_HAL_Driver/Src/stm32f4xx_hal_pcd.o
 .debug_abbrev  0x0000000000002457      0x275 ./Drivers/STM32F4xx_HAL_Driver/Src/stm32f4xx_hal_rcc.o
 .debug_abbrev  0x00000000000026cc      0x25e ./Drivers/STM32F4xx_HAL_Driver/Src/stm32f4xx_hal_tim.o
 .debug_abbrev  0x000000000000292a      0x266 ./Drivers/STM32F4xx_HAL_Driver/Src/stm32f4xx_hal_tim_ex.o
 .debug_abbrev  0x0000000000002b90      0x2eb ./Drivers/STM32F4xx_HAL_Driver/Src/stm32f4xx_hal_uart.o
 .debug_abbrev  0x0000000000002e7b      0x2a7 ./Drivers/STM32F4xx_HAL_Driver/Src/stm32f4xx_ll_usb.o
 .debug_abbrev  0x0000000000003122      0x3c2 ./Middlewares/Third_Party/FreeRTOS/Source/CMSIS_RTOS/cmsis_os.o
 .debug_abbrev  0x00000000000034e4      0x1f7 ./Middlewares/Third_Party/FreeRTOS/Source/list.o
 .debug_abbrev  0x00000000000036db      0x380 ./Middlewares/Third_Party/FreeRTOS/Source/tasks.o
 .debug_abbrev  0x0000000000003a5b      0x335 ./Middlewares/Third_Party/FreeRTOS/Source/portable/GCC/ARM_CM4F/port.o
 .debug_abbrev  0x0000000000003d90      0x2d3 ./Middlewares/Third_Party/FreeRTOS/Source/portable/MemMang/heap_4.o

.debug_aranges  0x0000000000000000     0x1768
 .debug_aranges
                0x0000000000000000       0x30 ./Core/Src/UserTask.o
 .debug_aranges
                0x0000000000000030       0x20 ./Core/Src/dma.o
 .debug_aranges
                0x0000000000000050       0x30 ./Core/Src/freertos.o
 .debug_aranges
                0x0000000000000080       0x20 ./Core/Src/gpio.o
 .debug_aranges
                0x00000000000000a0       0x30 ./Core/Src/i2c.o
 .debug_aranges
                0x00000000000000d0       0x38 ./Core/Src/main.o
 .debug_aranges
                0x0000000000000108       0x20 ./Core/Src/stm32f4xx_hal_msp.o
 .debug_aranges
                0x0000000000000128       0x30 ./Core/Src/stm32f4xx_hal_timebase_tim.o
 .debug_aranges
                0x0000000000000158       0x60 ./Core/Src/stm32f4xx_it.o
 .debug_aranges
                0x00000000000001b8       0x28 ./Core/Src/system_stm32f4xx.o
 .debug_aranges
                0x00000000000001e0       0x30 ./Core/Src/usart.o
 .debug_aranges
                0x0000000000000210       0x30 ./Core/Src/usb_otg.o
 .debug_aranges
                0x0000000000000240       0x28 ./Core/Startup/startup_stm32f429zitx.o
 .debug_aranges
                0x0000000000000268      0x100 ./Drivers/STM32F4xx_HAL_Driver/Src/stm32f4xx_hal.o
 .debug_aranges
                0x0000000000000368      0x118 ./Drivers/STM32F4xx_HAL_Driver/Src/stm32f4xx_hal_cortex.o
 .debug_aranges
                0x0000000000000480       0x90 ./Drivers/STM32F4xx_HAL_Driver/Src/stm32f4xx_hal_dma.o
 .debug_aranges
                0x0000000000000510       0x58 ./Drivers/STM32F4xx_HAL_Driver/Src/stm32f4xx_hal_gpio.o
 .debug_aranges
                0x0000000000000568      0x2a0 ./Drivers/STM32F4xx_HAL_Driver/Src/stm32f4xx_hal_i2c.o
 .debug_aranges
                0x0000000000000808       0x28 ./Drivers/STM32F4xx_HAL_Driver/Src/stm32f4xx_hal_i2c_ex.o
 .debug_aranges
                0x0000000000000830      0x138 ./Drivers/STM32F4xx_HAL_Driver/Src/stm32f4xx_hal_pcd.o
 .debug_aranges
                0x0000000000000968       0x88 ./Drivers/STM32F4xx_HAL_Driver/Src/stm32f4xx_hal_rcc.o
 .debug_aranges
                0x00000000000009f0      0x3d0 ./Drivers/STM32F4xx_HAL_Driver/Src/stm32f4xx_hal_tim.o
 .debug_aranges
                0x0000000000000dc0      0x168 ./Drivers/STM32F4xx_HAL_Driver/Src/stm32f4xx_hal_tim_ex.o
 .debug_aranges
                0x0000000000000f28      0x200 ./Drivers/STM32F4xx_HAL_Driver/Src/stm32f4xx_hal_uart.o
 .debug_aranges
                0x0000000000001128      0x198 ./Drivers/STM32F4xx_HAL_Driver/Src/stm32f4xx_ll_usb.o
 .debug_aranges
                0x00000000000012c0      0x1d8 ./Middlewares/Third_Party/FreeRTOS/Source/CMSIS_RTOS/cmsis_os.o
 .debug_aranges
                0x0000000000001498       0x40 ./Middlewares/Third_Party/FreeRTOS/Source/list.o
 .debug_aranges
                0x00000000000014d8      0x1b8 ./Middlewares/Third_Party/FreeRTOS/Source/tasks.o
 .debug_aranges
                0x0000000000001690       0x80 ./Middlewares/Third_Party/FreeRTOS/Source/portable/GCC/ARM_CM4F/port.o
 .debug_aranges
                0x0000000000001710       0x58 ./Middlewares/Third_Party/FreeRTOS/Source/portable/MemMang/heap_4.o

.debug_ranges   0x0000000000000000     0x15e8
 .debug_ranges  0x0000000000000000       0x20 ./Core/Src/UserTask.o
 .debug_ranges  0x0000000000000020       0x10 ./Core/Src/dma.o
 .debug_ranges  0x0000000000000030       0x20 ./Core/Src/freertos.o
 .debug_ranges  0x0000000000000050       0x10 ./Core/Src/gpio.o
 .debug_ranges  0x0000000000000060       0x20 ./Core/Src/i2c.o
 .debug_ranges  0x0000000000000080       0x28 ./Core/Src/main.o
 .debug_ranges  0x00000000000000a8       0x10 ./Core/Src/stm32f4xx_hal_msp.o
 .debug_ranges  0x00000000000000b8       0x20 ./Core/Src/stm32f4xx_hal_timebase_tim.o
 .debug_ranges  0x00000000000000d8       0x50 ./Core/Src/stm32f4xx_it.o
 .debug_ranges  0x0000000000000128       0x18 ./Core/Src/system_stm32f4xx.o
 .debug_ranges  0x0000000000000140       0x20 ./Core/Src/usart.o
 .debug_ranges  0x0000000000000160       0x20 ./Core/Src/usb_otg.o
 .debug_ranges  0x0000000000000180       0x20 ./Core/Startup/startup_stm32f429zitx.o
 .debug_ranges  0x00000000000001a0       0xf0 ./Drivers/STM32F4xx_HAL_Driver/Src/stm32f4xx_hal.o
 .debug_ranges  0x0000000000000290      0x108 ./Drivers/STM32F4xx_HAL_Driver/Src/stm32f4xx_hal_cortex.o
 .debug_ranges  0x0000000000000398       0x80 ./Drivers/STM32F4xx_HAL_Driver/Src/stm32f4xx_hal_dma.o
 .debug_ranges  0x0000000000000418       0x48 ./Drivers/STM32F4xx_HAL_Driver/Src/stm32f4xx_hal_gpio.o
 .debug_ranges  0x0000000000000460      0x2b8 ./Drivers/STM32F4xx_HAL_Driver/Src/stm32f4xx_hal_i2c.o
 .debug_ranges  0x0000000000000718       0x18 ./Drivers/STM32F4xx_HAL_Driver/Src/stm32f4xx_hal_i2c_ex.o
 .debug_ranges  0x0000000000000730      0x128 ./Drivers/STM32F4xx_HAL_Driver/Src/stm32f4xx_hal_pcd.o
 .debug_ranges  0x0000000000000858       0x78 ./Drivers/STM32F4xx_HAL_Driver/Src/stm32f4xx_hal_rcc.o
 .debug_ranges  0x00000000000008d0      0x3c0 ./Drivers/STM32F4xx_HAL_Driver/Src/stm32f4xx_hal_tim.o
 .debug_ranges  0x0000000000000c90      0x158 ./Drivers/STM32F4xx_HAL_Driver/Src/stm32f4xx_hal_tim_ex.o
 .debug_ranges  0x0000000000000de8      0x220 ./Drivers/STM32F4xx_HAL_Driver/Src/stm32f4xx_hal_uart.o
 .debug_ranges  0x0000000000001008      0x188 ./Drivers/STM32F4xx_HAL_Driver/Src/stm32f4xx_ll_usb.o
 .debug_ranges  0x0000000000001190      0x1c8 ./Middlewares/Third_Party/FreeRTOS/Source/CMSIS_RTOS/cmsis_os.o
 .debug_ranges  0x0000000000001358       0x30 ./Middlewares/Third_Party/FreeRTOS/Source/list.o
 .debug_ranges  0x0000000000001388      0x1a8 ./Middlewares/Third_Party/FreeRTOS/Source/tasks.o
 .debug_ranges  0x0000000000001530       0x70 ./Middlewares/Third_Party/FreeRTOS/Source/portable/GCC/ARM_CM4F/port.o
 .debug_ranges  0x00000000000015a0       0x48 ./Middlewares/Third_Party/FreeRTOS/Source/portable/MemMang/heap_4.o

.debug_macro    0x0000000000000000    0x270f6
 .debug_macro   0x0000000000000000      0x3f4 ./Core/Src/UserTask.o
 .debug_macro   0x00000000000003f4      0xaa8 ./Core/Src/UserTask.o
 .debug_macro   0x0000000000000e9c      0x2a7 ./Core/Src/UserTask.o
 .debug_macro   0x0000000000001143       0x2e ./Core/Src/UserTask.o
 .debug_macro   0x0000000000001171       0x28 ./Core/Src/UserTask.o
 .debug_macro   0x0000000000001199       0x22 ./Core/Src/UserTask.o
 .debug_macro   0x00000000000011bb       0x8e ./Core/Src/UserTask.o
 .debug_macro   0x0000000000001249       0x51 ./Core/Src/UserTask.o
 .debug_macro   0x000000000000129a      0x103 ./Core/Src/UserTask.o
 .debug_macro   0x000000000000139d       0x6a ./Core/Src/UserTask.o
 .debug_macro   0x0000000000001407      0x1df ./Core/Src/UserTask.o
 .debug_macro   0x00000000000015e6       0x1c ./Core/Src/UserTask.o
 .debug_macro   0x0000000000001602       0x22 ./Core/Src/UserTask.o
 .debug_macro   0x0000000000001624       0xdf ./Core/Src/UserTask.o
 .debug_macro   0x0000000000001703     0x102d ./Core/Src/UserTask.o
 .debug_macro   0x0000000000002730      0x11f ./Core/Src/UserTask.o
 .debug_macro   0x000000000000284f    0x17f91 ./Core/Src/UserTask.o
 .debug_macro   0x000000000001a7e0       0x6d ./Core/Src/UserTask.o
 .debug_macro   0x000000000001a84d     0x36dd ./Core/Src/UserTask.o
 .debug_macro   0x000000000001df2a      0x174 ./Core/Src/UserTask.o
 .debug_macro   0x000000000001e09e       0x5c ./Core/Src/UserTask.o
 .debug_macro   0x000000000001e0fa      0xca5 ./Core/Src/UserTask.o
 .debug_macro   0x000000000001ed9f      0x9fe ./Core/Src/UserTask.o
 .debug_macro   0x000000000001f79d      0x116 ./Core/Src/UserTask.o
 .debug_macro   0x000000000001f8b3      0x157 ./Core/Src/UserTask.o
 .debug_macro   0x000000000001fa0a       0xa5 ./Core/Src/UserTask.o
 .debug_macro   0x000000000001faaf      0x182 ./Core/Src/UserTask.o
 .debug_macro   0x000000000001fc31      0x287 ./Core/Src/UserTask.o
 .debug_macro   0x000000000001feb8       0x5f ./Core/Src/UserTask.o
 .debug_macro   0x000000000001ff17      0x236 ./Core/Src/UserTask.o
 .debug_macro   0x000000000002014d      0x132 ./Core/Src/UserTask.o
 .debug_macro   0x000000000002027f      0x41d ./Core/Src/UserTask.o
 .debug_macro   0x000000000002069c       0x2e ./Core/Src/UserTask.o
 .debug_macro   0x00000000000206ca      0x1b5 ./Core/Src/UserTask.o
 .debug_macro   0x000000000002087f       0x22 ./Core/Src/UserTask.o
 .debug_macro   0x00000000000208a1       0xd6 ./Core/Src/UserTask.o
 .debug_macro   0x0000000000020977      0x11a ./Core/Src/UserTask.o
 .debug_macro   0x0000000000020a91       0xe2 ./Core/Src/UserTask.o
 .debug_macro   0x0000000000020b73       0x89 ./Core/Src/UserTask.o
 .debug_macro   0x0000000000020bfc      0x8d1 ./Core/Src/UserTask.o
 .debug_macro   0x00000000000214cd       0x47 ./Core/Src/UserTask.o
 .debug_macro   0x0000000000021514      0x295 ./Core/Src/UserTask.o
 .debug_macro   0x00000000000217a9      0x21e ./Core/Src/UserTask.o
 .debug_macro   0x00000000000219c7       0xba ./Core/Src/UserTask.o
 .debug_macro   0x0000000000021a81      0x134 ./Core/Src/UserTask.o
 .debug_macro   0x0000000000021bb5      0x130 ./Core/Src/UserTask.o
 .debug_macro   0x0000000000021ce5       0x22 ./Core/Src/UserTask.o
 .debug_macro   0x0000000000021d07       0xf1 ./Core/Src/UserTask.o
 .debug_macro   0x0000000000021df8      0x15a ./Core/Src/UserTask.o
 .debug_macro   0x0000000000021f52       0xde ./Core/Src/UserTask.o
 .debug_macro   0x0000000000022030       0x1c ./Core/Src/UserTask.o
 .debug_macro   0x000000000002204c       0x26 ./Core/Src/UserTask.o
 .debug_macro   0x0000000000022072       0x52 ./Core/Src/UserTask.o
 .debug_macro   0x00000000000220c4       0x18 ./Core/Src/UserTask.o
 .debug_macro   0x00000000000220dc       0x3c ./Core/Src/UserTask.o
 .debug_macro   0x0000000000022118       0x34 ./Core/Src/UserTask.o
 .debug_macro   0x000000000002214c       0x16 ./Core/Src/UserTask.o
 .debug_macro   0x0000000000022162       0x43 ./Core/Src/UserTask.o
 .debug_macro   0x00000000000221a5       0x34 ./Core/Src/UserTask.o
 .debug_macro   0x00000000000221d9       0x10 ./Core/Src/UserTask.o
 .debug_macro   0x00000000000221e9       0x58 ./Core/Src/UserTask.o
 .debug_macro   0x0000000000022241       0x71 ./Core/Src/UserTask.o
 .debug_macro   0x00000000000222b2       0x1c ./Core/Src/UserTask.o
 .debug_macro   0x00000000000222ce      0x12a ./Core/Src/UserTask.o
 .debug_macro   0x00000000000223f8       0x10 ./Core/Src/UserTask.o
 .debug_macro   0x0000000000022408       0x35 ./Core/Src/UserTask.o
 .debug_macro   0x000000000002243d      0x4fe ./Core/Src/UserTask.o
 .debug_macro   0x000000000002293b       0xb5 ./Core/Src/UserTask.o
 .debug_macro   0x00000000000229f0       0xaa ./Core/Src/UserTask.o
 .debug_macro   0x0000000000022a9a       0x91 ./Core/Src/UserTask.o
 .debug_macro   0x0000000000022b2b       0x8d ./Core/Src/UserTask.o
 .debug_macro   0x0000000000022bb8       0x7e ./Core/Src/UserTask.o
 .debug_macro   0x0000000000022c36       0x19 ./Core/Src/UserTask.o
 .debug_macro   0x0000000000022c4f       0xf2 ./Core/Src/UserTask.o
 .debug_macro   0x0000000000022d41      0x333 ./Core/Src/UserTask.o
 .debug_macro   0x0000000000023074       0x10 ./Core/Src/UserTask.o
 .debug_macro   0x0000000000023084       0x20 ./Core/Src/UserTask.o
 .debug_macro   0x00000000000230a4      0x224 ./Core/Src/dma.o
 .debug_macro   0x00000000000232c8      0x3d8 ./Core/Src/freertos.o
 .debug_macro   0x00000000000236a0       0xf1 ./Core/Src/freertos.o
 .debug_macro   0x0000000000023791      0x224 ./Core/Src/gpio.o
 .debug_macro   0x00000000000239b5      0x224 ./Core/Src/i2c.o
 .debug_macro   0x0000000000023bd9      0x404 ./Core/Src/main.o
 .debug_macro   0x0000000000023fdd      0x21a ./Core/Src/stm32f4xx_hal_msp.o
 .debug_macro   0x00000000000241f7      0x20b ./Core/Src/stm32f4xx_hal_timebase_tim.o
 .debug_macro   0x0000000000024402      0x224 ./Core/Src/stm32f4xx_it.o
 .debug_macro   0x0000000000024626      0x20b ./Core/Src/system_stm32f4xx.o
 .debug_macro   0x0000000000024831      0x224 ./Core/Src/usart.o
 .debug_macro   0x0000000000024a55      0x224 ./Core/Src/usb_otg.o
 .debug_macro   0x0000000000024c79      0x26b ./Drivers/STM32F4xx_HAL_Driver/Src/stm32f4xx_hal.o
 .debug_macro   0x0000000000024ee4      0x20b ./Drivers/STM32F4xx_HAL_Driver/Src/stm32f4xx_hal_cortex.o
 .debug_macro   0x00000000000250ef      0x211 ./Drivers/STM32F4xx_HAL_Driver/Src/stm32f4xx_hal_dma.o
 .debug_macro   0x0000000000025300      0x211 ./Drivers/STM32F4xx_HAL_Driver/Src/stm32f4xx_hal_gpio.o
 .debug_macro   0x0000000000025511      0x252 ./Drivers/STM32F4xx_HAL_Driver/Src/stm32f4xx_hal_i2c.o
 .debug_macro   0x0000000000025763      0x20b ./Drivers/STM32F4xx_HAL_Driver/Src/stm32f4xx_hal_i2c_ex.o
 .debug_macro   0x000000000002596e      0x217 ./Drivers/STM32F4xx_HAL_Driver/Src/stm32f4xx_hal_pcd.o
 .debug_macro   0x0000000000025b85      0x22f ./Drivers/STM32F4xx_HAL_Driver/Src/stm32f4xx_hal_rcc.o
 .debug_macro   0x0000000000025db4      0x20c ./Drivers/STM32F4xx_HAL_Driver/Src/stm32f4xx_hal_tim.o
 .debug_macro   0x0000000000025fc0      0x20b ./Drivers/STM32F4xx_HAL_Driver/Src/stm32f4xx_hal_tim_ex.o
 .debug_macro   0x00000000000261cb      0x20c ./Drivers/STM32F4xx_HAL_Driver/Src/stm32f4xx_hal_uart.o
 .debug_macro   0x00000000000263d7      0x20b ./Drivers/STM32F4xx_HAL_Driver/Src/stm32f4xx_ll_usb.o
 .debug_macro   0x00000000000265e2      0x210 ./Middlewares/Third_Party/FreeRTOS/Source/CMSIS_RTOS/cmsis_os.o
 .debug_macro   0x00000000000267f2       0x16 ./Middlewares/Third_Party/FreeRTOS/Source/CMSIS_RTOS/cmsis_os.o
 .debug_macro   0x0000000000026808       0xc7 ./Middlewares/Third_Party/FreeRTOS/Source/CMSIS_RTOS/cmsis_os.o
 .debug_macro   0x00000000000268cf      0x199 ./Middlewares/Third_Party/FreeRTOS/Source/list.o
 .debug_macro   0x0000000000026a68      0x28b ./Middlewares/Third_Party/FreeRTOS/Source/tasks.o
 .debug_macro   0x0000000000026cf3       0x10 ./Middlewares/Third_Party/FreeRTOS/Source/tasks.o
 .debug_macro   0x0000000000026d03      0x233 ./Middlewares/Third_Party/FreeRTOS/Source/portable/GCC/ARM_CM4F/port.o
 .debug_macro   0x0000000000026f36      0x1c0 ./Middlewares/Third_Party/FreeRTOS/Source/portable/MemMang/heap_4.o

.debug_line     0x0000000000000000    0x1d510
 .debug_line    0x0000000000000000      0xaaf ./Core/Src/UserTask.o
 .debug_line    0x0000000000000aaf      0x73a ./Core/Src/dma.o
 .debug_line    0x00000000000011e9      0xa94 ./Core/Src/freertos.o
 .debug_line    0x0000000000001c7d      0x7b2 ./Core/Src/gpio.o
 .debug_line    0x000000000000242f      0x7bb ./Core/Src/i2c.o
 .debug_line    0x0000000000002bea      0xb30 ./Core/Src/main.o
 .debug_line    0x000000000000371a      0x740 ./Core/Src/stm32f4xx_hal_msp.o
 .debug_line    0x0000000000003e5a      0x79e ./Core/Src/stm32f4xx_hal_timebase_tim.o
 .debug_line    0x00000000000045f8      0x835 ./Core/Src/stm32f4xx_it.o
 .debug_line    0x0000000000004e2d      0x7c0 ./Core/Src/system_stm32f4xx.o
 .debug_line    0x00000000000055ed      0x7d2 ./Core/Src/usart.o
 .debug_line    0x0000000000005dbf      0x7bb ./Core/Src/usb_otg.o
 .debug_line    0x000000000000657a       0x88 ./Core/Startup/startup_stm32f429zitx.o
 .debug_line    0x0000000000006602      0xa5c ./Drivers/STM32F4xx_HAL_Driver/Src/stm32f4xx_hal.o
 .debug_line    0x000000000000705e      0xcd5 ./Drivers/STM32F4xx_HAL_Driver/Src/stm32f4xx_hal_cortex.o
 .debug_line    0x0000000000007d33      0xf8b ./Drivers/STM32F4xx_HAL_Driver/Src/stm32f4xx_hal_dma.o
 .debug_line    0x0000000000008cbe      0xbc4 ./Drivers/STM32F4xx_HAL_Driver/Src/stm32f4xx_hal_gpio.o
 .debug_line    0x0000000000009882     0x39d2 ./Drivers/STM32F4xx_HAL_Driver/Src/stm32f4xx_hal_i2c.o
 .debug_line    0x000000000000d254      0x7b9 ./Drivers/STM32F4xx_HAL_Driver/Src/stm32f4xx_hal_i2c_ex.o
 .debug_line    0x000000000000da0d     0x1373 ./Drivers/STM32F4xx_HAL_Driver/Src/stm32f4xx_hal_pcd.o
 .debug_line    0x000000000000ed80      0xda2 ./Drivers/STM32F4xx_HAL_Driver/Src/stm32f4xx_hal_rcc.o
 .debug_line    0x000000000000fb22     0x371a ./Drivers/STM32F4xx_HAL_Driver/Src/stm32f4xx_hal_tim.o
 .debug_line    0x000000000001323c     0x1a23 ./Drivers/STM32F4xx_HAL_Driver/Src/stm32f4xx_hal_tim_ex.o
 .debug_line    0x0000000000014c5f     0x2aad ./Drivers/STM32F4xx_HAL_Driver/Src/stm32f4xx_hal_uart.o
 .debug_line    0x000000000001770c     0x19b5 ./Drivers/STM32F4xx_HAL_Driver/Src/stm32f4xx_ll_usb.o
 .debug_line    0x00000000000190c1     0x11cf ./Middlewares/Third_Party/FreeRTOS/Source/CMSIS_RTOS/cmsis_os.o
 .debug_line    0x000000000001a290      0x716 ./Middlewares/Third_Party/FreeRTOS/Source/list.o
 .debug_line    0x000000000001a9a6     0x194d ./Middlewares/Third_Party/FreeRTOS/Source/tasks.o
 .debug_line    0x000000000001c2f3      0x8dd ./Middlewares/Third_Party/FreeRTOS/Source/portable/GCC/ARM_CM4F/port.o
 .debug_line    0x000000000001cbd0      0x940 ./Middlewares/Third_Party/FreeRTOS/Source/portable/MemMang/heap_4.o

.debug_str      0x0000000000000000    0xe69cc
 .debug_str     0x0000000000000000    0xdea59 ./Core/Src/UserTask.o